Godot Engine v4.7.2.stable.mono.official.ed1daf0bf - https://godotengine.org
WARNING: Your video card drivers seem not to support the required OpenGL 3.3 version, switching to ANGLE.
   at: DisplayServerWindows (platform/windows/display_server_windows.cpp:8227)
OpenGL API OpenGL ES 3.0 (ANGLE 2.1.1 git hash: aaebda1c5a40) - Compatibility - Using Device: Google Inc. (Microsoft) - ANGLE (Microsoft, Microsoft Basic Render Driver (0x0000008C) Direct3D11 vs_5_0 ps_5_0, D3D11-10.0.26100.33438)

UI PRESS open busy=False
UI PRESS menu busy=False
UI PRESS settings busy=False
UI PRESS modal-close busy=False
UI PRESS menu busy=False
UI PRESS help busy=False
UI PRESS modal-close busy=False
UI PRESS menu busy=False
UI PRESS history busy=False
UI PRESS modal-close busy=False
UI PRESS menu busy=False
UI PRESS save-data busy=False
UI PRESS modal-close busy=False
UI PRESS knowledge busy=False
UI PRESS knowledge-group-0 busy=False
UI PRESS modal-back busy=False
UI PRESS knowledge-tab-cards busy=False
UI PRESS knowledge-known-0 busy=False
UI PRESS modal-back busy=False
UI PRESS modal-close busy=False
UI PRESS menu busy=False
UI PRESS exit busy=False
