repro-home
repro-story
repro-explore
repro-prediction
repro-return-clear
repro-return-withdrawal
repro-return-defeat
repro-shared-preparation
repro-shared-story
repro-shared-return-clear
repro-shared-return-withdrawal
repro-shared-return-defeat
repro-record-memory
repro-checkbox-states
repro-bars-prep
repro-bars-hand
repro-bars-field
repro-motion-home
repro-motion-explore
repro-fixed-metrics
Command '['C:\\Users\\eckol\\eckolo Dropbox\\久乃銑泉\\gist\\crossweave\\apps\\crossweave-godot\\.tools\\godot\\Godot_v4.7.2-stable_mono_win64\\Godot_v4.7.2-stable_mono_win64.exe', '--audio-driver', 'Dummy', '--resolution', '1920x1080', '--path', 'Godot', '--', '--ui-check=repro-fixed-metrics', '--ui-slot=ui-7af4580ae5114c46-repro-fixed-metrics', '--ui-output=C:\\Users\\eckol\\eckolo Dropbox\\久乃銑泉\\gist\\crossweave\\docs\\検証\\本編実装\\d04b-ui-02\\recheck-fix-20261006\\rendered-light', '--ui-theme=light', '--ui-fixture=C:\\Users\\eckol\\eckolo Dropbox\\久乃銑泉\\gist\\crossweave\\docs\\検証\\本編実装\\d04b-ui-02\\recheck-fix-20261006\\fixtures\\repro-fixed-metrics.json']' timed out after 240.0 seconds
