Godot Engine v4.7.2.stable.mono.official.ed1daf0bf - https://godotengine.org

UI PRESS new busy=False
UI PRESS depart busy=False
UI PRESS continue busy=False
UI PRESS detail-close busy=False
UI PRESS actor-V0 busy=False
UI PRESS detail-close busy=False
UI PRESS play busy=False
UI PRESS detail-close busy=False
UI PRESS actor-V0 busy=False
UI PRESS detail-close busy=False
UI PRESS play busy=False
UI PRESS detail-close busy=False
UI PRESS play busy=False
UI PRESS detail-close busy=False
UI PRESS play busy=False
UI PRESS detail-close busy=False
UI PRESS play busy=False
UI PRESS detail-close busy=False
UI PRESS play busy=False
UI PRESS detail-close busy=False
UI PRESS actor-V0 busy=False
UI PRESS detail-close busy=False
UI PRESS play busy=False
UI PRESS detail-close busy=False
UI PRESS play busy=False
UI PRESS detail-close busy=False
UI PRESS actor-V0 busy=False
UI PRESS detail-close busy=False
UI PRESS play busy=False
UI PRESS detail-close busy=False
UI PRESS actor-V0 busy=False
UI PRESS detail-close busy=False
UI PRESS play busy=False
UI PRESS detail-close busy=False
UI PRESS play busy=False
UI PRESS detail-close busy=False
UI PRESS actor-V0 busy=False
UI PRESS detail-close busy=False
UI PRESS play busy=False
UI PRESS detail-close busy=False
UI PRESS play busy=False
UI PRESS detail-close busy=False
UI PRESS play busy=False
UI PRESS detail-close busy=False
UI PRESS play busy=False
UI PRESS detail-close busy=False
UI PRESS actor-V0 busy=False
UI PRESS detail-close busy=False
UI PRESS play busy=False
UI PRESS continue busy=False
UI PRESS continue busy=False
UI PRESS detail-close busy=False
UI PRESS actor-V1 busy=False
UI PRESS detail-close busy=False
UI PRESS play busy=False
UI PRESS detail-close busy=False
UI PRESS actor-V1 busy=False
UI PRESS detail-close busy=False
UI PRESS play busy=False
UI PRESS detail-close busy=False
UI PRESS play busy=False
UI PRESS detail-close busy=False
UI PRESS play busy=False
UI PRESS detail-close busy=False
UI PRESS play busy=False
UI PRESS detail-close busy=False
UI PRESS actor-V1 busy=False
UI PRESS detail-close busy=False
UI PRESS play busy=False
UI PRESS detail-close busy=False
UI PRESS play busy=False
UI PRESS detail-close busy=False
UI PRESS actor-V1 busy=False
UI PRESS detail-close busy=False
UI PRESS play busy=False
UI PRESS detail-close busy=False
UI PRESS play busy=False
UI PRESS detail-close busy=False
UI PRESS actor-V1 busy=False
UI PRESS detail-close busy=False
UI PRESS play busy=False
UI PRESS detail-close busy=False
UI PRESS play busy=False
UI PRESS detail-close busy=False
UI PRESS actor-V1 busy=False
UI PRESS detail-close busy=False
UI PRESS play busy=False
UI PRESS detail-close busy=False
UI PRESS actor-V1 busy=False
UI PRESS detail-close busy=False
UI PRESS play busy=False
UI PRESS detail-close busy=False
UI PRESS actor-V1 busy=False
UI PRESS detail-close busy=False
UI PRESS play busy=False
UI PRESS detail-close busy=False
UI PRESS actor-V1 busy=False
UI PRESS detail-close busy=False
UI PRESS play busy=False
UI PRESS detail-close busy=False
UI PRESS play busy=False
UI PRESS detail-close busy=False
UI PRESS actor-V1 busy=False
UI PRESS detail-close busy=False
UI PRESS play busy=False
UI PRESS detail-close busy=False
UI PRESS play busy=False
UI PRESS detail-close busy=False
UI PRESS actor-V1 busy=False
UI PRESS detail-close busy=False
UI PRESS play busy=False
UI PRESS detail-close busy=False
UI PRESS actor-V1 busy=False
UI PRESS detail-close busy=False
UI PRESS play busy=False
UI PRESS detail-close busy=False
UI PRESS play busy=False
UI PRESS detail-close busy=False
UI PRESS play busy=False
UI PRESS detail-close busy=False
UI PRESS actor-V1 busy=False
UI PRESS detail-close busy=False
UI PRESS play busy=False
UI PRESS detail-close busy=False
UI PRESS actor-V1 busy=False
UI PRESS detail-close busy=False
UI PRESS play busy=False
UI PRESS detail-close busy=False
UI PRESS play busy=False
UI PRESS detail-close busy=False
UI PRESS actor-V1 busy=False
UI PRESS detail-close busy=False
UI PRESS play busy=False
UI PRESS detail-close busy=False
UI PRESS actor-V1 busy=False
UI PRESS detail-close busy=False
UI PRESS play busy=False
UI PRESS continue busy=False
UI PRESS ack busy=False
UI PRESS prepare busy=False
UI PRESS tab-passive busy=False
UI PRESS 取得-basic:PS01 busy=False
UI PRESS tab-card busy=False
UI PRESS 外す-owned-1 busy=False
UI PRESS 編成-owned-9 busy=False
UI PRESS tab-passive busy=False
UI PRESS 編成-pending:basic:PS01 busy=False
UI PRESS review busy=False
UI PRESS commit busy=False
UI PRESS home busy=False
UI PRESS depart busy=False
UI PRESS continue busy=False
UI PRESS detail-close busy=False
UI PRESS actor-V0 busy=False
UI PRESS detail-close busy=False
UI PRESS play busy=False
UI PRESS detail-close busy=False
UI PRESS play busy=False
UI PRESS detail-close busy=False
UI PRESS actor-V0 busy=False
UI PRESS detail-close busy=False
UI PRESS play busy=False
UI PRESS detail-close busy=False
UI PRESS play busy=False
UI PRESS detail-close busy=False
UI PRESS play busy=False
UI PRESS detail-close busy=False
UI PRESS actor-V0 busy=False
UI PRESS detail-close busy=False
UI PRESS play busy=False
UI PRESS detail-close busy=False
UI PRESS play busy=False
UI PRESS detail-close busy=False
UI PRESS actor-V0 busy=False
UI PRESS detail-close busy=False
UI PRESS play busy=False
UI PRESS detail-close busy=False
UI PRESS actor-V0 busy=False
UI PRESS detail-close busy=False
UI PRESS play busy=False
UI PRESS detail-close busy=False
UI PRESS play busy=False
UI PRESS detail-close busy=False
UI PRESS play busy=False
UI PRESS detail-close busy=False
UI PRESS actor-V0 busy=False
UI PRESS detail-close busy=False
UI PRESS play busy=False
UI PRESS detail-close busy=False
UI PRESS play busy=False
UI PRESS detail-close busy=False
UI PRESS actor-V0 busy=False
UI PRESS detail-close busy=False
UI PRESS play busy=False
UI PRESS continue busy=False
UI PRESS continue busy=False
UI PRESS detail-close busy=False
UI PRESS play busy=False
UI PRESS detail-close busy=False
UI PRESS play busy=False
UI PRESS detail-close busy=False
UI PRESS play busy=False
UI PRESS detail-close busy=False
UI PRESS play busy=False
UI PRESS detail-close busy=False
UI PRESS actor-V1 busy=False
UI PRESS detail-close busy=False
UI PRESS play busy=False
UI PRESS detail-close busy=False
UI PRESS actor-V1 busy=False
UI PRESS detail-close busy=False
UI PRESS play busy=False
UI PRESS detail-close busy=False
UI PRESS actor-V1 busy=False
UI PRESS detail-close busy=False
UI PRESS play busy=False
UI PRESS detail-close busy=False
UI PRESS play busy=False
UI PRESS detail-close busy=False
UI PRESS actor-V1 busy=False
UI PRESS detail-close busy=False
UI PRESS play busy=False
UI PRESS continue busy=False
UI PRESS ack busy=False
UI PRESS depart busy=False
UI PRESS withdraw busy=False
UI PRESS withdraw-confirm busy=False
UI PRESS repeat busy=False
UI PRESS exit busy=False
