<?xml version="1.0" encoding="utf-8"?>
<TestRun id="ccee549d-59a1-4fed-b305-bb523dafdf21" name="eckol@ECKKOLOPC 2026-10-07 11:24:47" runUser="ECKKOLOPC\eckol" xmlns="http://microsoft.com/schemas/VisualStudio/TeamTest/2010">
  <Times creation="2026-10-07T11:24:47.5503846+09:00" queuing="2026-10-07T11:24:47.5503849+09:00" start="2026-10-07T11:23:17.2393401+09:00" finish="2026-10-07T11:24:47.5509050+09:00" />
  <TestSettings name="default" id="46d72d2e-0d97-4ede-87be-809835d73a5d">
    <Deployment runDeploymentRoot="eckol_ECKKOLOPC_2026-10-07_11_24_47" />
  </TestSettings>
  <TestLists>
    <TestList name="一覧に存在しない結果" id="8c84fa94-04c1-424b-9868-57a2d4851a1d" />
    <TestList name="読み込まれたすべての結果" id="19431567-8539-422a-85d7-44ee4e166bda" />
  </TestLists>
  <ResultSummary outcome="Failed">
    <Counters total="0" executed="0" passed="0" failed="0" error="0" timeout="0" aborted="0" inconclusive="0" passedButRunAborted="0" notRunnable="0" notExecuted="0" disconnected="0" warning="0" completed="0" inProgress="0" pending="0" />
    <RunInfos>
      <RunInfo computerName="ECKKOLOPC" outcome="Error" timestamp="2026-10-07T11:24:47.4098292+09:00">
        <Text>vstest.console プロセスでは、90 秒後に testhost プロセスへ接続できませんでした。これは、マシンの遅さが原因で発生する可能性があるため、環境変数 VSTEST_CONNECTION_TIMEOUT を設定してタイムアウト時間を増やしてください。 The process with id 9108 was still running when this message was reported.</Text>
      </RunInfo>
    </RunInfos>
  </ResultSummary>
</TestRun>