Godot Engine v4.7.2.stable.mono.official.ed1daf0bf - https://godotengine.org
OpenGL API 3.3.0 NVIDIA 573.01 - Compatibility - Using Device: NVIDIA - NVIDIA GeForce RTX 5050 Laptop GPU

UI PRESS open busy=False
UI PRESS detail-close busy=False
UI PRESS actor-V0 busy=False
UI PRESS detail-close busy=False
UI PRESS preview busy=False
UI PRESS window-pin busy=False
UI PRESS modal-close busy=False
UI PRESS menu busy=False
UI PRESS settings busy=False
UI PRESS modal-close busy=False
UI PRESS menu busy=False
UI PRESS operation busy=False
UI PRESS modal-close busy=False
UI PRESS menu busy=False
UI PRESS help busy=False
UI PRESS modal-close busy=False
UI PRESS menu busy=False
UI PRESS objective busy=False
UI PRESS modal-close busy=False
UI PRESS menu busy=False
UI PRESS status busy=False
UI PRESS modal-close busy=False
UI PRESS menu busy=False
UI PRESS order busy=False
UI PRESS modal-close busy=False
UI PRESS menu busy=False
UI PRESS deck busy=False
UI PRESS deck-card-0 busy=False
UI PRESS modal-back busy=False
UI PRESS modal-close busy=False
UI PRESS menu busy=False
UI PRESS history busy=False
UI PRESS modal-close busy=False
UI PRESS menu busy=False
UI PRESS action-history busy=False
UI PRESS modal-close busy=False
UI PRESS menu busy=False
UI PRESS save-data busy=False
UI PRESS modal-close busy=False
UI PRESS knowledge busy=False
UI PRESS knowledge-group-0 busy=False
UI PRESS knowledge-card-0 busy=False
UI PRESS modal-back busy=False
UI PRESS modal-back busy=False
UI PRESS knowledge-tab-cards busy=False
UI PRESS knowledge-known-0 busy=False
UI PRESS modal-back busy=False
UI PRESS modal-close busy=False
UI PRESS menu busy=False
UI PRESS exit busy=False
