Godot Engine v4.7.2.stable.mono.official.ed1daf0bf - https://godotengine.org
OpenGL API 3.3.0 NVIDIA 573.01 - Compatibility - Using Device: NVIDIA - NVIDIA GeForce RTX 5050 Laptop GPU

UI PRESS open busy=False
UI PRESS story-detail busy=False
UI PRESS modal-close busy=False
UI PRESS prepare busy=False
UI PRESS tab-passive busy=False
UI PRESS tab-passive busy=False
UI PRESS 取得-basic:PS01 busy=False
UI PRESS tab-passive busy=False
UI PRESS 取得-basic:PS02 busy=False
UI PRESS tab-passive busy=False
UI PRESS 取得-basic:PS03 busy=False
UI PRESS tab-passive busy=False
UI PRESS 取得-basic:PS04 busy=False
UI PRESS tab-passive busy=False
UI PRESS 取得-choice-0 busy=False
UI PRESS review busy=False
UI PRESS commit busy=False
UI PRESS menu busy=False
UI PRESS exit busy=False
