Godot Engine v4.7.2.stable.mono.official.ed1daf0bf - https://godotengine.org
OpenGL API 3.3.0 NVIDIA 573.01 - Compatibility - Using Device: NVIDIA - NVIDIA GeForce RTX 5050 Laptop GPU

UI PRESS open busy=False
ERROR: System.IO.InvalidDataException: edge-one-logical-second-moved: {"threshold":64,"step_per_frame":16,"logical_seconds":1,"actual_elapsed_ms":1437,"maximum":380,"value":0,"trace":[{"elapsed_ms":2,"horizontal":0,"vertical":0},{"elapsed_ms":8,"horizontal":0,"vertical":0},{"elapsed_ms":24,"horizontal":0,"vertical":0},{"elapsed_ms":41,"horizontal":0,"vertical":0},{"elapsed_ms":58,"horizontal":0,"vertical":0},{"elapsed_ms":74,"horizontal":0,"vertical":0},{"elapsed_ms":91,"horizontal":0,"vertical":0},{"elapsed_ms":108,"horizontal":0,"vertical":0},{"elapsed_ms":124,"horizontal":0,"vertical":0},{"elapsed_ms":141,"horizontal":0,"vertical":0},{"elapsed_ms":158,"horizontal":0,"vertical":0},{"elapsed_ms":175,"horizontal":0,"vertical":0},{"elapsed_ms":191,"horizontal":0,"vertical":0},{"elapsed_ms":208,"horizontal":0,"vertical":0},{"elapsed_ms":225,"horizontal":0,"vertical":0},{"elapsed_ms":241,"horizontal":0,"vertical":0},{"elapsed_ms":258,"horizontal":0,"vertical":0},{"elapsed_ms":275,"horizontal":0,"vertical":0},{"elapsed_ms":291,"horizontal":0,"vertical":0},{"elapsed_ms":308,"horizontal":0,"vertical":0},{"elapsed_ms":325,"horizontal":0,"vertical":0},{"elapsed_ms":341,"horizontal":0,"vertical":0},{"elapsed_ms":358,"horizontal":0,"vertical":0},{"elapsed_ms":375,"horizontal":0,"vertical":0},{"elapsed_ms":392,"horizontal":0,"vertical":0},{"elapsed_ms":408,"horizontal":0,"vertical":0},{"elapsed_ms":425,"horizontal":0,"vertical":0},{"elapsed_ms":441,"horizontal":0,"vertical":0},{"elapsed_ms":458,"horizontal":0,"vertical":0},{"elapsed_ms":475,"horizontal":0,"vertical":0},{"elapsed_ms":491,"horizontal":0,"vertical":0},{"elapsed_ms":508,"horizontal":0,"vertical":0},{"elapsed_ms":525,"horizontal":0,"vertical":0},{"elapsed_ms":541,"horizontal":0,"vertical":0},{"elapsed_ms":558,"horizontal":0,"vertical":0},{"elapsed_ms":575,"horizontal":0,"vertical":0},{"elapsed_ms":592,"horizontal":0,"vertical":0},{"elapsed_ms":608,"horizontal":0,"vertical":0},{"elapsed_ms":625,"horizontal":0,"vertical":0},{"elapsed_ms":642,"horizontal":0,"vertical":0},{"elapsed_ms":658,"horizontal":0,"vertical":0},{"elapsed_ms":675,"horizontal":0,"vertical":0},{"elapsed_ms":692,"horizontal":0,"vertical":0},{"elapsed_ms":709,"horizontal":0,"vertical":0},{"elapsed_ms":725,"horizontal":0,"vertical":0},{"elapsed_ms":742,"horizontal":0,"vertical":0},{"elapsed_ms":758,"horizontal":0,"vertical":0},{"elapsed_ms":775,"horizontal":0,"vertical":0},{"elapsed_ms":792,"horizontal":0,"vertical":0},{"elapsed_ms":808,"horizontal":0,"vertical":0},{"elapsed_ms":825,"horizontal":0,"vertical":0},{"elapsed_ms":842,"horizontal":0,"vertical":0},{"elapsed_ms":858,"horizontal":0,"vertical":0},{"elapsed_ms":875,"horizontal":0,"vertical":0},{"elapsed_ms":892,"horizontal":0,"vertical":0},{"elapsed_ms":908,"horizontal":0,"vertical":0},{"elapsed_ms":925,"horizontal":0,"vertical":0},{"elapsed_ms":942,"horizontal":0,"vertical":0},{"elapsed_ms":959,"horizontal":0,"vertical":0},{"elapsed_ms":975,"horizontal":0,"vertical":0},{"elapsed_ms":992,"horizontal":0,"vertical":0},{"elapsed_ms":1008,"horizontal":0,"vertical":0}],"acceptance":{"from":"hand","to":"","allowed":false,"label":"\u5BFE\u8C61\u5916"}}
   at Crossweave.Application.UiAutomation.Check(String id, Boolean ok, Object details) in C:\Users\eckol\eckolo Dropbox\久乃銑泉\gist\crossweave\apps\crossweave-godot\Godot\Application\UiAutomation.cs:line 108
   at Crossweave.Application.UiAutomation.ReproductionEdges() in C:\Users\eckol\eckolo Dropbox\久乃銑泉\gist\crossweave\apps\crossweave-godot\Godot\Application\UiAutomation.Reproduction.cs:line 109
   at Crossweave.Application.UiAutomation.Reproduction() in C:\Users\eckol\eckolo Dropbox\久乃銑泉\gist\crossweave\apps\crossweave-godot\Godot\Application\UiAutomation.Reproduction.cs:line 17
   at Crossweave.Application.UiAutomation.Run() in C:\Users\eckol\eckolo Dropbox\久乃銑泉\gist\crossweave\apps\crossweave-godot\Godot\Application\UiAutomation.cs:line 442
   at: void Crossweave.Application.UiAutomation+<Run>d__44.MoveNext() (res://Application/UiAutomation.cs:442)
   C# backtrace (most recent call first):
       [0] void Godot.GD.PushError(string) (/root/godot/modules/mono/glue/GodotSharp/GodotSharp/Core/GD.cs:366)
       [1] void Crossweave.Application.UiAutomation+<Run>d__44.MoveNext() (C:\Users\eckol\eckolo Dropbox\久乃銑泉\gist\crossweave\apps\crossweave-godot\Godot\Application\UiAutomation.cs:442)
       [2] void System.Threading.ExecutionContext.RunInternal(System.Threading.ExecutionContext, System.Threading.ContextCallback, object)
       [3] void System.Threading.Tasks.AwaitTaskContinuation.RunCallback(System.Threading.ContextCallback, object, System.Threading.Tasks.Task&)
       [4] void System.Threading.Tasks.Task.RunContinuations(object)
       [5] void System.Threading.Tasks.Task.FinishSlow(bool)
       [6] bool System.Threading.Tasks.Task.TrySetException(object)
       [7] void System.Runtime.CompilerServices.AsyncTaskMethodBuilder`1.SetException(System.Exception, System.Threading.Tasks.Task`1[TResult]&)
       [8] void Crossweave.Application.UiAutomation+<Reproduction>d__50.MoveNext() (C:\Users\eckol\eckolo Dropbox\久乃銑泉\gist\crossweave\apps\crossweave-godot\Godot\Application\UiAutomation.Reproduction.cs:17)
       [9] void System.Threading.ExecutionContext.RunInternal(System.Threading.ExecutionContext, System.Threading.ContextCallback, object)
       [10] void System.Threading.Tasks.AwaitTaskContinuation.RunCallback(System.Threading.ContextCallback, object, System.Threading.Tasks.Task&)
       [11] void System.Threading.Tasks.Task.RunContinuations(object)
       [12] void System.Threading.Tasks.Task.FinishSlow(bool)
       [13] bool System.Threading.Tasks.Task.TrySetException(object)
       [14] void System.Runtime.CompilerServices.AsyncTaskMethodBuilder`1.SetException(System.Exception, System.Threading.Tasks.Task`1[TResult]&)
       [15] void Crossweave.Application.UiAutomation+<ReproductionEdges>d__51.MoveNext() (C:\Users\eckol\eckolo Dropbox\久乃銑泉\gist\crossweave\apps\crossweave-godot\Godot\Application\UiAutomation.Reproduction.cs:109)
       [16] void System.Threading.ExecutionContext.RunInternal(System.Threading.ExecutionContext, System.Threading.ContextCallback, object)
       [17] void System.Threading.Tasks.AwaitTaskContinuation.RunCallback(System.Threading.ContextCallback, object, System.Threading.Tasks.Task&)
       [18] void System.Threading.Tasks.Task.RunContinuations(object)
       [19] void System.Runtime.CompilerServices.AsyncTaskMethodBuilder.SetResult()
       [20] void Crossweave.Application.UiAutomation+<Capture>d__42.MoveNext() (C:\Users\eckol\eckolo Dropbox\久乃銑泉\gist\crossweave\apps\crossweave-godot\Godot\Application\UiAutomation.cs:409)
       [21] void System.Threading.ExecutionContext.RunInternal(System.Threading.ExecutionContext, System.Threading.ContextCallback, object)
       [22] void System.Runtime.CompilerServices.AsyncTaskMethodBuilder`1+AsyncStateMachineBox`1.MoveNext()
       [23] void Godot.SignalAwaiter.SignalCallback(nint, Godot.NativeInterop.godot_variant**, int, Godot.NativeInterop.godot_bool*) (/root/godot/modules/mono/glue/GodotSharp/GodotSharp/Core/SignalAwaiter.cs:65)
