Godot Engine v4.7.2.stable.mono.official.ed1daf0bf - https://godotengine.org
OpenGL API 3.3.0 NVIDIA 573.01 - Compatibility - Using Device: NVIDIA - NVIDIA GeForce RTX 5050 Laptop GPU

UI PRESS open busy=False
UI PRESS prepare busy=False
UI PRESS tab-card busy=False
UI PRESS 取得-choice-0 busy=False
UI PRESS tab-passive busy=False
ERROR: Invalid metadata identifier: 'fact-columns'.
   at: set_meta (core/object/object.cpp:1037)
   C# backtrace (most recent call first):
       [0] void Godot.NativeCalls.godot_icall_2_167(nint, nint, Godot.NativeInterop.godot_string_name, Godot.Variant) (/root/godot/modules/mono/glue/GodotSharp/GodotSharp/Generated/NativeCalls.cs:1505)
       [1] void Godot.GodotObject.SetMeta(Godot.StringName, Godot.Variant) (/root/godot/modules/mono/glue/GodotSharp/GodotSharp/Generated/GodotObjects/GodotObject.cs:604)
       [2] void Crossweave.Application.GameScreen.Fact(Godot.VBoxContainer, string, string, string, float) (C:\Users\eckol\eckolo Dropbox\久乃銑泉\gist\crossweave\apps\crossweave-godot\Godot\Application\GameScreen.AcceptedWindows.cs:29)
       [3] void Crossweave.Application.GameScreen.PreparationDetailFacts(Godot.VBoxContainer) (C:\Users\eckol\eckolo Dropbox\久乃銑泉\gist\crossweave\apps\crossweave-godot\Godot\Application\GameScreen.AcceptedWindows.cs:130)
       [4] void Crossweave.Application.GameScreen.AcceptedDetailWindow() (C:\Users\eckol\eckolo Dropbox\久乃銑泉\gist\crossweave\apps\crossweave-godot\Godot\Application\GameScreen.AcceptedWindows.cs:147)
       [5] void Crossweave.Application.GameScreen.DetailWindow() (C:\Users\eckol\eckolo Dropbox\久乃銑泉\gist\crossweave\apps\crossweave-godot\Godot\Application\GameScreen.Preparation.cs:163)
       [6] void Crossweave.Application.GameScreen.RenderModal() (C:\Users\eckol\eckolo Dropbox\久乃銑泉\gist\crossweave\apps\crossweave-godot\Godot\Application\GameScreen.Layout.cs:179)
       [7] void Crossweave.Application.GameScreen.Render() (C:\Users\eckol\eckolo Dropbox\久乃銑泉\gist\crossweave\apps\crossweave-godot\Godot\Application\GameScreen.Layout.cs:105)
       [8] void Crossweave.Application.GameScreen._Process(double) (C:\Users\eckol\eckolo Dropbox\久乃銑泉\gist\crossweave\apps\crossweave-godot\Godot\Application\GameScreen.cs:254)
       [9] bool Godot.Node.InvokeGodotClassMethod(Godot.NativeInterop.godot_string_name&, Godot.NativeInterop.NativeVariantPtrArgs, Godot.NativeInterop.godot_variant&) (/root/godot/modules/mono/glue/GodotSharp/GodotSharp/Generated/GodotObjects/Node.cs:2654)
       [10] bool Godot.CanvasItem.InvokeGodotClassMethod(Godot.NativeInterop.godot_string_name&, Godot.NativeInterop.NativeVariantPtrArgs, Godot.NativeInterop.godot_variant&) (/root/godot/modules/mono/glue/GodotSharp/GodotSharp/Generated/GodotObjects/CanvasItem.cs:1845)
       [11] bool Godot.Control.InvokeGodotClassMethod(Godot.NativeInterop.godot_string_name&, Godot.NativeInterop.NativeVariantPtrArgs, Godot.NativeInterop.godot_variant&) (/root/godot/modules/mono/glue/GodotSharp/GodotSharp/Generated/GodotObjects/Control.cs:4029)
       [12] bool Crossweave.Application.GameScreen.InvokeGodotClassMethod(Godot.NativeInterop.godot_string_name&, Godot.NativeInterop.NativeVariantPtrArgs, Godot.NativeInterop.godot_variant&) (C:\Users\eckol\eckolo Dropbox\久乃銑泉\gist\crossweave\apps\crossweave-godot\Godot\.godot\mono\temp\obj\Debug\Godot.SourceGenerators\Godot.SourceGenerators.ScriptMethodsGenerator\Crossweave.Application.GameScreen_ScriptMethods.generated.cs:1020)
       [13] Godot.NativeInterop.godot_bool Godot.Bridge.CSharpInstanceBridge.Call(nint, Godot.NativeInterop.godot_string_name*, Godot.NativeInterop.godot_variant**, int, Godot.NativeInterop.godot_variant_call_error*, Godot.NativeInterop.godot_variant*) (/root/godot/modules/mono/glue/GodotSharp/GodotSharp/Core/Bridge/CSharpInstanceBridge.cs:24)
ERROR: Invalid metadata identifier: 'fact-columns'.
   at: set_meta (core/object/object.cpp:1037)
   C# backtrace (most recent call first):
       [0] void Godot.NativeCalls.godot_icall_2_167(nint, nint, Godot.NativeInterop.godot_string_name, Godot.Variant) (/root/godot/modules/mono/glue/GodotSharp/GodotSharp/Generated/NativeCalls.cs:1505)
       [1] void Godot.GodotObject.SetMeta(Godot.StringName, Godot.Variant) (/root/godot/modules/mono/glue/GodotSharp/GodotSharp/Generated/GodotObjects/GodotObject.cs:604)
       [2] void Crossweave.Application.GameScreen.Fact(Godot.VBoxContainer, string, string, string, float) (C:\Users\eckol\eckolo Dropbox\久乃銑泉\gist\crossweave\apps\crossweave-godot\Godot\Application\GameScreen.AcceptedWindows.cs:29)
       [3] void Crossweave.Application.GameScreen.CardFacts(Godot.VBoxContainer, System.Text.Json.Nodes.JsonObject, bool) (C:\Users\eckol\eckolo Dropbox\久乃銑泉\gist\crossweave\apps\crossweave-godot\Godot\Application\GameScreen.AcceptedWindows.cs:59)
       [4] void Crossweave.Application.GameScreen.PreparationDetailFacts(Godot.VBoxContainer) (C:\Users\eckol\eckolo Dropbox\久乃銑泉\gist\crossweave\apps\crossweave-godot\Godot\Application\GameScreen.AcceptedWindows.cs:136)
       [5] void Crossweave.Application.GameScreen.AcceptedDetailWindow() (C:\Users\eckol\eckolo Dropbox\久乃銑泉\gist\crossweave\apps\crossweave-godot\Godot\Application\GameScreen.AcceptedWindows.cs:147)
       [6] void Crossweave.Application.GameScreen.DetailWindow() (C:\Users\eckol\eckolo Dropbox\久乃銑泉\gist\crossweave\apps\crossweave-godot\Godot\Application\GameScreen.Preparation.cs:163)
       [7] void Crossweave.Application.GameScreen.RenderModal() (C:\Users\eckol\eckolo Dropbox\久乃銑泉\gist\crossweave\apps\crossweave-godot\Godot\Application\GameScreen.Layout.cs:179)
       [8] void Crossweave.Application.GameScreen.Render() (C:\Users\eckol\eckolo Dropbox\久乃銑泉\gist\crossweave\apps\crossweave-godot\Godot\Application\GameScreen.Layout.cs:105)
       [9] void Crossweave.Application.GameScreen._Process(double) (C:\Users\eckol\eckolo Dropbox\久乃銑泉\gist\crossweave\apps\crossweave-godot\Godot\Application\GameScreen.cs:254)
       [10] bool Godot.Node.InvokeGodotClassMethod(Godot.NativeInterop.godot_string_name&, Godot.NativeInterop.NativeVariantPtrArgs, Godot.NativeInterop.godot_variant&) (/root/godot/modules/mono/glue/GodotSharp/GodotSharp/Generated/GodotObjects/Node.cs:2654)
       [11] bool Godot.CanvasItem.InvokeGodotClassMethod(Godot.NativeInterop.godot_string_name&, Godot.NativeInterop.NativeVariantPtrArgs, Godot.NativeInterop.godot_variant&) (/root/godot/modules/mono/glue/GodotSharp/GodotSharp/Generated/GodotObjects/CanvasItem.cs:1845)
       [12] bool Godot.Control.InvokeGodotClassMethod(Godot.NativeInterop.godot_string_name&, Godot.NativeInterop.NativeVariantPtrArgs, Godot.NativeInterop.godot_variant&) (/root/godot/modules/mono/glue/GodotSharp/GodotSharp/Generated/GodotObjects/Control.cs:4029)
       [13] bool Crossweave.Application.GameScreen.InvokeGodotClassMethod(Godot.NativeInterop.godot_string_name&, Godot.NativeInterop.NativeVariantPtrArgs, Godot.NativeInterop.godot_variant&) (C:\Users\eckol\eckolo Dropbox\久乃銑泉\gist\crossweave\apps\crossweave-godot\Godot\.godot\mono\temp\obj\Debug\Godot.SourceGenerators\Godot.SourceGenerators.ScriptMethodsGenerator\Crossweave.Application.GameScreen_ScriptMethods.generated.cs:1020)
       [14] Godot.NativeInterop.godot_bool Godot.Bridge.CSharpInstanceBridge.Call(nint, Godot.NativeInterop.godot_string_name*, Godot.NativeInterop.godot_variant**, int, Godot.NativeInterop.godot_variant_call_error*, Godot.NativeInterop.godot_variant*) (/root/godot/modules/mono/glue/GodotSharp/GodotSharp/Core/Bridge/CSharpInstanceBridge.cs:24)
UI PRESS detail-close busy=False
ERROR: System.ObjectDisposedException: Cannot access a disposed object.
Object name: 'Crossweave.Application.CardTile'.
   at Godot.GodotObject.GetPtr(GodotObject instance) in /root/godot/modules/mono/glue/GodotSharp/GodotSharp/Core/GodotObject.base.cs:line 93
   at Godot.Control.GetGlobalPosition() in /root/godot/modules/mono/glue/GodotSharp/GodotSharp/Generated/GodotObjects/Control.cs:line 2159
   at Godot.Control.get_GlobalPosition() in /root/godot/modules/mono/glue/GodotSharp/GodotSharp/Generated/GodotObjects/Control.cs:line 717
   at Crossweave.Application.GameScreen.RememberAcquisition() in C:\Users\eckol\eckolo Dropbox\久乃銑泉\gist\crossweave\apps\crossweave-godot\Godot\Application\GameScreen.AcceptedStyle.cs:line 181
   at Crossweave.Application.GameScreen.Render() in C:\Users\eckol\eckolo Dropbox\久乃銑泉\gist\crossweave\apps\crossweave-godot\Godot\Application\GameScreen.Layout.cs:line 74
   at Crossweave.Application.GameScreen._Process(Double delta) in C:\Users\eckol\eckolo Dropbox\久乃銑泉\gist\crossweave\apps\crossweave-godot\Godot\Application\GameScreen.cs:line 254
   at Godot.Node.InvokeGodotClassMethod(godot_string_name& method, NativeVariantPtrArgs args, godot_variant& ret) in /root/godot/modules/mono/glue/GodotSharp/GodotSharp/Generated/GodotObjects/Node.cs:line 2654
   at Godot.CanvasItem.InvokeGodotClassMethod(godot_string_name& method, NativeVariantPtrArgs args, godot_variant& ret) in /root/godot/modules/mono/glue/GodotSharp/GodotSharp/Generated/GodotObjects/CanvasItem.cs:line 1845
   at Godot.Control.InvokeGodotClassMethod(godot_string_name& method, NativeVariantPtrArgs args, godot_variant& ret) in /root/godot/modules/mono/glue/GodotSharp/GodotSharp/Generated/GodotObjects/Control.cs:line 4029
   at Crossweave.Application.GameScreen.InvokeGodotClassMethod(godot_string_name& method, NativeVariantPtrArgs args, godot_variant& ret) in C:\Users\eckol\eckolo Dropbox\久乃銑泉\gist\crossweave\apps\crossweave-godot\Godot\.godot\mono\temp\obj\Debug\Godot.SourceGenerators\Godot.SourceGenerators.ScriptMethodsGenerator\Crossweave.Application.GameScreen_ScriptMethods.generated.cs:line 1020
   at Godot.Bridge.CSharpInstanceBridge.Call(IntPtr godotObjectGCHandle, godot_string_name* method, godot_variant** args, Int32 argCount, godot_variant_call_error* refCallError, godot_variant* ret) in /root/godot/modules/mono/glue/GodotSharp/GodotSharp/Core/Bridge/CSharpInstanceBridge.cs:line 24
   at: void Godot.NativeInterop.ExceptionUtils.LogException(System.Exception) (/root/godot/modules/mono/glue/GodotSharp/GodotSharp/Core/NativeInterop/ExceptionUtils.cs:113)
   C# backtrace (most recent call first):
       [0] void Godot.GD.PushError(string) (/root/godot/modules/mono/glue/GodotSharp/GodotSharp/Core/GD.cs:366)
       [1] void Godot.NativeInterop.ExceptionUtils.LogException(System.Exception) (/root/godot/modules/mono/glue/GodotSharp/GodotSharp/Core/NativeInterop/ExceptionUtils.cs:113)
       [2] Godot.NativeInterop.godot_bool Godot.Bridge.CSharpInstanceBridge.Call(nint, Godot.NativeInterop.godot_string_name*, Godot.NativeInterop.godot_variant**, int, Godot.NativeInterop.godot_variant_call_error*, Godot.NativeInterop.godot_variant*) (/root/godot/modules/mono/glue/GodotSharp/GodotSharp/Core/Bridge/CSharpInstanceBridge.cs:24)
UI PRESS tab-card busy=False
ERROR: System.ObjectDisposedException: Cannot access a disposed object.
Object name: 'Crossweave.Application.CardTile'.
   at Godot.GodotObject.GetPtr(GodotObject instance) in /root/godot/modules/mono/glue/GodotSharp/GodotSharp/Core/GodotObject.base.cs:line 93
   at Godot.CanvasItem.SetModulate(Color modulate) in /root/godot/modules/mono/glue/GodotSharp/GodotSharp/Generated/GodotObjects/CanvasItem.cs:line 564
   at Godot.CanvasItem.set_Modulate(Color value) in /root/godot/modules/mono/glue/GodotSharp/GodotSharp/Generated/GodotObjects/CanvasItem.cs:line 182
   at Crossweave.Application.GameScreen.CancelGesture() in C:\Users\eckol\eckolo Dropbox\久乃銑泉\gist\crossweave\apps\crossweave-godot\Godot\Application\GameScreen.Components.cs:line 73
   at Crossweave.Application.GameScreen.<>c__DisplayClass225_0.<Button>b__0() in C:\Users\eckol\eckolo Dropbox\久乃銑泉\gist\crossweave\apps\crossweave-godot\Godot\Application\GameScreen.Layout.cs:line 50
   at Godot.Callable.<From>g__Trampoline|1_0(Object delegateObj, NativeVariantPtrArgs args, godot_variant& ret) in /root/godot/modules/mono/glue/GodotSharp/GodotSharp/Core/Callable.generics.cs:line 39
   at Godot.DelegateUtils.InvokeWithVariantArgs(IntPtr delegateGCHandle, Void* trampoline, godot_variant** args, Int32 argc, godot_variant* outRet) in /root/godot/modules/mono/glue/GodotSharp/GodotSharp/Core/DelegateUtils.cs:line 86
   at: void Godot.NativeInterop.ExceptionUtils.LogException(System.Exception) (/root/godot/modules/mono/glue/GodotSharp/GodotSharp/Core/NativeInterop/ExceptionUtils.cs:113)
   C# backtrace (most recent call first):
       [0] void Godot.GD.PushError(string) (/root/godot/modules/mono/glue/GodotSharp/GodotSharp/Core/GD.cs:366)
       [1] void Godot.NativeInterop.ExceptionUtils.LogException(System.Exception) (/root/godot/modules/mono/glue/GodotSharp/GodotSharp/Core/NativeInterop/ExceptionUtils.cs:113)
       [2] void Godot.DelegateUtils.InvokeWithVariantArgs(nint, System.Void*, Godot.NativeInterop.godot_variant**, int, Godot.NativeInterop.godot_variant*) (/root/godot/modules/mono/glue/GodotSharp/GodotSharp/Core/DelegateUtils.cs:86)
       [3] void Godot.NativeInterop.NativeFuncs.godotsharp_method_bind_ptrcall(nint, nint, System.Void**, System.Void*) (/root/godot/modules/mono/glue/GodotSharp/GodotSharp/Godot.SourceGenerators.Internal/Godot.SourceGenerators.Internal.UnmanagedCallbacksGenerator/Godot.NativeInterop.NativeFuncs.generated.cs:380)
       [4] void Godot.NativeCalls.godot_icall_2_521(nint, nint, nint, Godot.NativeInterop.godot_bool) (/root/godot/modules/mono/glue/GodotSharp/GodotSharp/Generated/NativeCalls.cs:4588)
       [5] void Godot.Viewport.PushInput(Godot.InputEvent, bool) (/root/godot/modules/mono/glue/GodotSharp/GodotSharp/Generated/GodotObjects/Viewport.cs:1760)
       [6] void Crossweave.Application.UiAutomation+<Click>d__26.MoveNext() (C:\Users\eckol\eckolo Dropbox\久乃銑泉\gist\crossweave\apps\crossweave-godot\Godot\Application\UiAutomation.cs:150)
       [7] void System.Threading.ExecutionContext.RunInternal(System.Threading.ExecutionContext, System.Threading.ContextCallback, object)
       [8] void System.Runtime.CompilerServices.AsyncTaskMethodBuilder`1+AsyncStateMachineBox`1.MoveNext()
       [9] void System.Threading.Tasks.AwaitTaskContinuation.RunCallback(System.Threading.ContextCallback, object, System.Threading.Tasks.Task&)
       [10] void System.Threading.Tasks.Task.RunContinuations(object)
       [11] void System.Runtime.CompilerServices.AsyncTaskMethodBuilder`1.SetExistingTaskResult(System.Threading.Tasks.Task`1[TResult], TResult)
       [12] void Crossweave.Application.UiAutomation+<Frame>d__20.MoveNext() (C:\Users\eckol\eckolo Dropbox\久乃銑泉\gist\crossweave\apps\crossweave-godot\Godot\Application\UiAutomation.cs:100)
       [13] void System.Threading.ExecutionContext.RunInternal(System.Threading.ExecutionContext, System.Threading.ContextCallback, object)
       [14] void System.Runtime.CompilerServices.AsyncTaskMethodBuilder`1+AsyncStateMachineBox`1.MoveNext()
       [15] void Godot.SignalAwaiter.SignalCallback(nint, Godot.NativeInterop.godot_variant**, int, Godot.NativeInterop.godot_bool*) (/root/godot/modules/mono/glue/GodotSharp/GodotSharp/Core/SignalAwaiter.cs:65)
ERROR: System.IO.InvalidDataException: Missing control item-reserve-pending:choice-0 at preparation/
   at Crossweave.Application.UiAutomation.Point(String id) in C:\Users\eckol\eckolo Dropbox\久乃銑泉\gist\crossweave\apps\crossweave-godot\Godot\Application\UiAutomation.cs:line 123
   at Crossweave.Application.UiAutomation.Click(String id, Boolean waitForIdle) in C:\Users\eckol\eckolo Dropbox\久乃銑泉\gist\crossweave\apps\crossweave-godot\Godot\Application\UiAutomation.cs:line 138
   at Crossweave.Application.UiAutomation.ReviewPreparation() in C:\Users\eckol\eckolo Dropbox\久乃銑泉\gist\crossweave\apps\crossweave-godot\Godot\Application\UiAutomation.Review.cs:line 260
   at Crossweave.Application.UiAutomation.Run() in C:\Users\eckol\eckolo Dropbox\久乃銑泉\gist\crossweave\apps\crossweave-godot\Godot\Application\UiAutomation.cs:line 443
   at: void Crossweave.Application.UiAutomation+<Run>d__44.MoveNext() (res://Application/UiAutomation.cs:443)
   C# backtrace (most recent call first):
       [0] void Godot.GD.PushError(string) (/root/godot/modules/mono/glue/GodotSharp/GodotSharp/Core/GD.cs:366)
       [1] void Crossweave.Application.UiAutomation+<Run>d__44.MoveNext() (C:\Users\eckol\eckolo Dropbox\久乃銑泉\gist\crossweave\apps\crossweave-godot\Godot\Application\UiAutomation.cs:443)
       [2] void System.Threading.ExecutionContext.RunInternal(System.Threading.ExecutionContext, System.Threading.ContextCallback, object)
       [3] void System.Runtime.CompilerServices.AsyncTaskMethodBuilder`1+AsyncStateMachineBox`1.MoveNext()
       [4] void System.Threading.Tasks.AwaitTaskContinuation.RunCallback(System.Threading.ContextCallback, object, System.Threading.Tasks.Task&)
       [5] void System.Threading.Tasks.Task.RunContinuations(object)
       [6] void System.Threading.Tasks.Task.FinishSlow(bool)
       [7] bool System.Threading.Tasks.Task.TrySetException(object)
       [8] void System.Runtime.CompilerServices.AsyncTaskMethodBuilder`1.SetException(System.Exception, System.Threading.Tasks.Task`1[TResult]&)
       [9] void Crossweave.Application.UiAutomation+<ReviewPreparation>d__63.MoveNext() (C:\Users\eckol\eckolo Dropbox\久乃銑泉\gist\crossweave\apps\crossweave-godot\Godot\Application\UiAutomation.Review.cs:260)
       [10] void System.Threading.ExecutionContext.RunInternal(System.Threading.ExecutionContext, System.Threading.ContextCallback, object)
       [11] void System.Runtime.CompilerServices.AsyncTaskMethodBuilder`1+AsyncStateMachineBox`1.MoveNext()
       [12] void System.Threading.Tasks.AwaitTaskContinuation.RunCallback(System.Threading.ContextCallback, object, System.Threading.Tasks.Task&)
       [13] void System.Threading.Tasks.Task.RunContinuations(object)
       [14] void System.Threading.Tasks.Task.FinishSlow(bool)
       [15] bool System.Threading.Tasks.Task.TrySetException(object)
       [16] void System.Runtime.CompilerServices.AsyncTaskMethodBuilder`1.SetException(System.Exception, System.Threading.Tasks.Task`1[TResult]&)
       [17] void Crossweave.Application.UiAutomation+<Click>d__26.MoveNext() (C:\Users\eckol\eckolo Dropbox\久乃銑泉\gist\crossweave\apps\crossweave-godot\Godot\Application\UiAutomation.cs:138)
       [18] void System.Threading.ExecutionContext.RunInternal(System.Threading.ExecutionContext, System.Threading.ContextCallback, object)
       [19] void System.Runtime.CompilerServices.AsyncTaskMethodBuilder`1+AsyncStateMachineBox`1.MoveNext()
       [20] void System.Threading.Tasks.AwaitTaskContinuation.RunCallback(System.Threading.ContextCallback, object, System.Threading.Tasks.Task&)
       [21] void System.Threading.Tasks.Task.RunContinuations(object)
       [22] void System.Threading.Tasks.Task.FinishSlow(bool)
       [23] bool System.Threading.Tasks.Task.TrySetException(object)
       [24] void System.Runtime.CompilerServices.AsyncTaskMethodBuilder`1.SetException(System.Exception, System.Threading.Tasks.Task`1[TResult]&)
       [25] void System.Runtime.CompilerServices.AsyncTaskMethodBuilder`1.SetException(System.Exception)
       [26] void Crossweave.Application.UiAutomation+<Point>d__25.MoveNext() (C:\Users\eckol\eckolo Dropbox\久乃銑泉\gist\crossweave\apps\crossweave-godot\Godot\Application\UiAutomation.cs:123)
       [27] void System.Runtime.CompilerServices.AsyncTaskMethodBuilder`1+AsyncStateMachineBox`1.ExecutionContextCallback(object)
       [28] void System.Threading.ExecutionContext.RunInternal(System.Threading.ExecutionContext, System.Threading.ContextCallback, object)
       [29] void System.Runtime.CompilerServices.AsyncTaskMethodBuilder`1+AsyncStateMachineBox`1.MoveNext(System.Threading.Thread)
       [30] void System.Runtime.CompilerServices.AsyncTaskMethodBuilder`1+AsyncStateMachineBox`1.MoveNext()
       [31] void System.Threading.Tasks.AwaitTaskContinuation.RunCallback(System.Threading.ContextCallback, object, System.Threading.Tasks.Task&)
       [32] void System.Threading.Tasks.Task.RunContinuations(object)
       [33] void System.Runtime.CompilerServices.AsyncTaskMethodBuilder`1.SetExistingTaskResult(System.Threading.Tasks.Task`1[TResult], TResult)
       [34] void Crossweave.Application.UiAutomation+<Frame>d__20.MoveNext() (C:\Users\eckol\eckolo Dropbox\久乃銑泉\gist\crossweave\apps\crossweave-godot\Godot\Application\UiAutomation.cs:100)
       [35] void System.Threading.ExecutionContext.RunInternal(System.Threading.ExecutionContext, System.Threading.ContextCallback, object)
       [36] void System.Runtime.CompilerServices.AsyncTaskMethodBuilder`1+AsyncStateMachineBox`1.MoveNext()
       [37] void Godot.SignalAwaiter.SignalCallback(nint, Godot.NativeInterop.godot_variant**, int, Godot.NativeInterop.godot_bool*) (/root/godot/modules/mono/glue/GodotSharp/GodotSharp/Core/SignalAwaiter.cs:65)
