Godot Engine v4.7.2.stable.mono.official.ed1daf0bf - https://godotengine.org
WARNING: Your video card drivers seem not to support the required OpenGL 3.3 version, switching to ANGLE.
   at: DisplayServerWindows (platform/windows/display_server_windows.cpp:8227)
OpenGL API OpenGL ES 3.0 (ANGLE 2.1.1 git hash: aaebda1c5a40) - Compatibility - Using Device: Google Inc. (Microsoft) - ANGLE (Microsoft, Microsoft Basic Render Driver (0x0000008C) Direct3D11 vs_5_0 ps_5_0, D3D11-10.0.26100.33438)

UI PRESS open busy=False
UI PRESS story-detail busy=False
UI PRESS modal-close busy=False
UI PRESS prepare busy=False
UI PRESS detail-close busy=False
UI PRESS tab-passive busy=False
UI PRESS detail-stage busy=False
UI PRESS detail-close busy=False
UI PRESS review busy=False
UI PRESS modal-close busy=False
UI PRESS discard busy=False
UI PRESS tab-card busy=False
UI PRESS 外す-owned-1 busy=False
UI PRESS 外す-owned-2 busy=False
UI PRESS 外す-owned-3 busy=False
UI PRESS 外す-owned-5 busy=False
UI PRESS 外す-owned-7 busy=False
UI PRESS 外す-owned-8 busy=False
UI PRESS 外す-owned-11 busy=False
UI PRESS 外す-owned-12 busy=False
UI PRESS 外す-owned-13 busy=False
UI PRESS 外す-owned-15 busy=False
UI PRESS 外す-owned-17 busy=False
UI PRESS 外す-owned-19 busy=False
UI PRESS discard busy=False
UI PRESS menu busy=False
UI PRESS exit busy=False
