Godot Engine v4.7.2.stable.mono.official.ed1daf0bf - https://godotengine.org

UI PRESS new busy=False
UI PRESS prepare busy=False
UI PRESS detail-close busy=False
UI PRESS review busy=False
UI PRESS modal-close busy=False
UI PRESS menu busy=False
UI PRESS exit busy=False
UI PRESS modal-close busy=False
UI PRESS discard busy=False
UI PRESS tab-passive busy=False
UI PRESS 取得-basic:PS01 busy=False
UI PRESS detail-unstage busy=False
UI PRESS tab-card busy=False
UI PRESS lock busy=False
UI PRESS lock busy=False
UI PRESS detail-close busy=False
UI PRESS home busy=False
UI PRESS depart busy=False
UI PRESS continue busy=False
UI PRESS detail-close busy=False
UI PRESS preview busy=False
UI PRESS modal-close busy=False
UI PRESS menu busy=False
UI PRESS exit busy=False
