Godot Engine v4.7.2.stable.mono.official.ed1daf0bf - https://godotengine.org
OpenGL API 3.3.0 NVIDIA 573.01 - Compatibility - Using Device: NVIDIA - NVIDIA GeForce RTX 5050 Laptop GPU

UI PRESS open busy=False
UI PRESS prepare busy=False
UI PRESS tab-passive busy=False
UI PRESS 取得-choice-1 busy=False
UI PRESS tab-passive busy=False
UI PRESS 取得-basic:PS01 busy=False
UI PRESS tab-card busy=False
UI PRESS tab-passive busy=False
UI PRESS 編成-pending:choice-1 busy=False
UI PRESS 編成-pending:basic:PS01 busy=False
UI PRESS review busy=False
UI PRESS commit busy=False
UI PRESS home busy=False
UI PRESS depart busy=False
UI PRESS continue busy=False
UI PRESS detail-close busy=False
UI PRESS play busy=False
UI PRESS withdraw busy=False
UI PRESS withdraw-confirm busy=False
UI PRESS ack busy=False
UI PRESS prepare busy=False
UI PRESS tab-passive busy=False
UI PRESS 外す-owned-1 busy=False
UI PRESS review busy=False
UI PRESS commit busy=False
UI PRESS lock busy=False
UI PRESS lock busy=False
UI PRESS convert busy=False
UI PRESS convert-confirm busy=False
UI PRESS home busy=False
UI PRESS depart busy=False
UI PRESS menu busy=False
UI PRESS exit busy=False
