Godot Engine v4.7.2.stable.mono.official.ed1daf0bf - https://godotengine.org
OpenGL API 3.3.0 NVIDIA 573.01 - Compatibility - Using Device: NVIDIA - NVIDIA GeForce RTX 5050 Laptop GPU

UI PRESS new busy=False
UI PRESS prepare busy=False
UI PRESS tab-passive busy=False
UI PRESS 取得-basic:PS01 busy=False
UI PRESS home busy=False
UI PRESS prepare busy=False
UI PRESS detail-unstage busy=False
UI PRESS tab-card busy=False
UI PRESS home busy=False
UI PRESS depart busy=False
UI PRESS continue busy=False
UI PRESS order-0 busy=False
UI PRESS detail-close busy=False
UI PRESS preview busy=False
UI PRESS modal-close busy=False
UI PRESS window-pin busy=False
UI PRESS modal-close busy=False
UI PRESS menu busy=False
UI PRESS settings busy=False
UI PRESS auto-details busy=False
UI PRESS modal-close busy=False
UI PRESS detail-close busy=False
UI PRESS menu busy=False
UI PRESS deck busy=False
UI PRESS deck-card-0 busy=False
UI PRESS modal-back busy=False
UI PRESS modal-close busy=False
UI PRESS menu busy=False
UI PRESS action-history busy=False
UI PRESS modal-close busy=False
UI PRESS knowledge busy=False
UI PRESS knowledge-group-0 busy=False
UI PRESS knowledge-back busy=False
UI PRESS modal-close busy=False
UI PRESS withdraw busy=False
ERROR: System.IO.InvalidDataException: Button received no Pressed signal: withdraw
   at Crossweave.Application.UiAutomation.Click(String id, Boolean waitForIdle) in C:\Users\eckol\eckolo Dropbox\久乃銑泉\gist\crossweave\apps\crossweave-godot\Godot\Application\UiAutomation.cs:line 150
   at Crossweave.Application.UiAutomation.Inheritance() in C:\Users\eckol\eckolo Dropbox\久乃銑泉\gist\crossweave\apps\crossweave-godot\Godot\Application\UiAutomation.Inheritance.cs:line 76
   at Crossweave.Application.UiAutomation.Run() in C:\Users\eckol\eckolo Dropbox\久乃銑泉\gist\crossweave\apps\crossweave-godot\Godot\Application\UiAutomation.cs:line 435
   at: void Crossweave.Application.UiAutomation+<Run>d__42.MoveNext() (res://Application/UiAutomation.cs:435)
   C# backtrace (most recent call first):
       [0] void Godot.GD.PushError(string) (/root/godot/modules/mono/glue/GodotSharp/GodotSharp/Core/GD.cs:366)
       [1] void Crossweave.Application.UiAutomation+<Run>d__42.MoveNext() (C:\Users\eckol\eckolo Dropbox\久乃銑泉\gist\crossweave\apps\crossweave-godot\Godot\Application\UiAutomation.cs:435)
       [2] void System.Threading.ExecutionContext.RunInternal(System.Threading.ExecutionContext, System.Threading.ContextCallback, object)
       [3] void System.Threading.Tasks.AwaitTaskContinuation.RunCallback(System.Threading.ContextCallback, object, System.Threading.Tasks.Task&)
       [4] void System.Threading.Tasks.Task.RunContinuations(object)
       [5] void System.Threading.Tasks.Task.FinishSlow(bool)
       [6] bool System.Threading.Tasks.Task.TrySetException(object)
       [7] void System.Runtime.CompilerServices.AsyncTaskMethodBuilder`1.SetException(System.Exception, System.Threading.Tasks.Task`1[TResult]&)
       [8] void Crossweave.Application.UiAutomation+<Inheritance>d__46.MoveNext() (C:\Users\eckol\eckolo Dropbox\久乃銑泉\gist\crossweave\apps\crossweave-godot\Godot\Application\UiAutomation.Inheritance.cs:76)
       [9] void System.Threading.ExecutionContext.RunInternal(System.Threading.ExecutionContext, System.Threading.ContextCallback, object)
       [10] void System.Threading.Tasks.AwaitTaskContinuation.RunCallback(System.Threading.ContextCallback, object, System.Threading.Tasks.Task&)
       [11] void System.Threading.Tasks.Task.RunContinuations(object)
       [12] void System.Threading.Tasks.Task.FinishSlow(bool)
       [13] bool System.Threading.Tasks.Task.TrySetException(object)
       [14] void System.Runtime.CompilerServices.AsyncTaskMethodBuilder`1.SetException(System.Exception, System.Threading.Tasks.Task`1[TResult]&)
       [15] void Crossweave.Application.UiAutomation+<Click>d__24.MoveNext() (C:\Users\eckol\eckolo Dropbox\久乃銑泉\gist\crossweave\apps\crossweave-godot\Godot\Application\UiAutomation.cs:150)
       [16] void System.Threading.ExecutionContext.RunInternal(System.Threading.ExecutionContext, System.Threading.ContextCallback, object)
       [17] void System.Threading.Tasks.AwaitTaskContinuation.RunCallback(System.Threading.ContextCallback, object, System.Threading.Tasks.Task&)
       [18] void System.Threading.Tasks.Task.RunContinuations(object)
       [19] void System.Runtime.CompilerServices.AsyncTaskMethodBuilder.SetResult()
       [20] void Crossweave.Application.UiAutomation+<Idle>d__19.MoveNext() (C:\Users\eckol\eckolo Dropbox\久乃銑泉\gist\crossweave\apps\crossweave-godot\Godot\Application\UiAutomation.cs:98)
       [21] void System.Threading.ExecutionContext.RunInternal(System.Threading.ExecutionContext, System.Threading.ContextCallback, object)
       [22] void System.Threading.Tasks.AwaitTaskContinuation.RunCallback(System.Threading.ContextCallback, object, System.Threading.Tasks.Task&)
       [23] void System.Threading.Tasks.Task.RunContinuations(object)
       [24] void System.Runtime.CompilerServices.AsyncTaskMethodBuilder.SetResult()
       [25] void Crossweave.Application.UiAutomation+<Frame>d__18.MoveNext() (C:\Users\eckol\eckolo Dropbox\久乃銑泉\gist\crossweave\apps\crossweave-godot\Godot\Application\UiAutomation.cs:93)
       [26] void System.Threading.ExecutionContext.RunInternal(System.Threading.ExecutionContext, System.Threading.ContextCallback, object)
       [27] void System.Runtime.CompilerServices.AsyncTaskMethodBuilder`1+AsyncStateMachineBox`1.MoveNext()
       [28] void Godot.SignalAwaiter.SignalCallback(nint, Godot.NativeInterop.godot_variant**, int, Godot.NativeInterop.godot_bool*) (/root/godot/modules/mono/glue/GodotSharp/GodotSharp/Core/SignalAwaiter.cs:65)
