Godot Engine v4.7.2.stable.mono.official.ed1daf0bf - https://godotengine.org
OpenGL API 3.3.0 NVIDIA 573.01 - Compatibility - Using Device: NVIDIA - NVIDIA GeForce RTX 5050 Laptop GPU

UI PRESS open busy=False
UI PRESS menu busy=False
UI PRESS settings busy=False
UI PRESS modal-close busy=False
UI PRESS menu busy=False
UI PRESS operation busy=False
UI PRESS modal-close busy=False
UI PRESS menu busy=False
UI PRESS help busy=False
UI PRESS modal-close busy=False
UI PRESS menu busy=False
UI PRESS objective busy=False
UI PRESS modal-close busy=False
UI PRESS menu busy=False
UI PRESS status busy=False
UI PRESS modal-close busy=False
UI PRESS menu busy=False
UI PRESS order busy=False
UI PRESS modal-close busy=False
UI PRESS menu busy=False
UI PRESS deck busy=False
UI PRESS deck-card-0 busy=False
UI PRESS modal-back busy=False
UI PRESS modal-close busy=False
UI PRESS menu busy=False
UI PRESS history busy=False
UI PRESS modal-close busy=False
UI PRESS menu busy=False
UI PRESS action-history busy=False
UI PRESS modal-close busy=False
UI PRESS menu busy=False
UI PRESS save-data busy=False
UI PRESS modal-close busy=False
UI PRESS knowledge busy=False
UI PRESS knowledge-group-0 busy=False
UI PRESS knowledge-card-0 busy=False
UI PRESS modal-back busy=False
UI PRESS modal-back busy=False
UI PRESS knowledge-tab-cards busy=False
UI PRESS knowledge-known-0 busy=False
UI PRESS modal-back busy=False
UI PRESS modal-close busy=False
UI PRESS detail-close busy=False
ERROR: System.ObjectDisposedException: Cannot access a disposed object.
Object name: 'Godot.Button'.
   at Godot.GodotObject.GetPtr(GodotObject instance) in /root/godot/modules/mono/glue/GodotSharp/GodotSharp/Core/GodotObject.base.cs:line 93
   at Godot.Control.GrabFocus() in /root/godot/modules/mono/glue/GodotSharp/GodotSharp/Generated/GodotObjects/Control.cs:line 3662
   at Crossweave.Application.UiAutomation.ButtonStates(String id) in C:\Users\eckol\eckolo Dropbox\久乃銑泉\gist\crossweave\apps\crossweave-godot\Godot\Application\UiAutomation.Reproduction.cs:line 121
   at Crossweave.Application.UiAutomation.Reproduction() in C:\Users\eckol\eckolo Dropbox\久乃銑泉\gist\crossweave\apps\crossweave-godot\Godot\Application\UiAutomation.Reproduction.cs:line 76
   at Crossweave.Application.UiAutomation.Run() in C:\Users\eckol\eckolo Dropbox\久乃銑泉\gist\crossweave\apps\crossweave-godot\Godot\Application\UiAutomation.cs:line 442
   at: void Crossweave.Application.UiAutomation+<Run>d__44.MoveNext() (res://Application/UiAutomation.cs:442)
   C# backtrace (most recent call first):
       [0] void Godot.GD.PushError(string) (/root/godot/modules/mono/glue/GodotSharp/GodotSharp/Core/GD.cs:366)
       [1] void Crossweave.Application.UiAutomation+<Run>d__44.MoveNext() (C:\Users\eckol\eckolo Dropbox\久乃銑泉\gist\crossweave\apps\crossweave-godot\Godot\Application\UiAutomation.cs:442)
       [2] void System.Threading.ExecutionContext.RunInternal(System.Threading.ExecutionContext, System.Threading.ContextCallback, object)
       [3] void System.Threading.Tasks.AwaitTaskContinuation.RunCallback(System.Threading.ContextCallback, object, System.Threading.Tasks.Task&)
       [4] void System.Threading.Tasks.Task.RunContinuations(object)
       [5] void System.Threading.Tasks.Task.FinishSlow(bool)
       [6] bool System.Threading.Tasks.Task.TrySetException(object)
       [7] void System.Runtime.CompilerServices.AsyncTaskMethodBuilder`1.SetException(System.Exception, System.Threading.Tasks.Task`1[TResult]&)
       [8] void Crossweave.Application.UiAutomation+<Reproduction>d__50.MoveNext() (C:\Users\eckol\eckolo Dropbox\久乃銑泉\gist\crossweave\apps\crossweave-godot\Godot\Application\UiAutomation.Reproduction.cs:76)
       [9] void System.Threading.ExecutionContext.RunInternal(System.Threading.ExecutionContext, System.Threading.ContextCallback, object)
       [10] void System.Threading.Tasks.AwaitTaskContinuation.RunCallback(System.Threading.ContextCallback, object, System.Threading.Tasks.Task&)
       [11] void System.Threading.Tasks.Task.RunContinuations(object)
       [12] void System.Threading.Tasks.Task.FinishSlow(bool)
       [13] bool System.Threading.Tasks.Task.TrySetException(object)
       [14] void System.Runtime.CompilerServices.AsyncTaskMethodBuilder`1.SetException(System.Exception, System.Threading.Tasks.Task`1[TResult]&)
       [15] void Crossweave.Application.UiAutomation+<ButtonStates>d__52.MoveNext() (C:\Users\eckol\eckolo Dropbox\久乃銑泉\gist\crossweave\apps\crossweave-godot\Godot\Application\UiAutomation.Reproduction.cs:121)
       [16] void System.Threading.ExecutionContext.RunInternal(System.Threading.ExecutionContext, System.Threading.ContextCallback, object)
       [17] void System.Threading.Tasks.AwaitTaskContinuation.RunCallback(System.Threading.ContextCallback, object, System.Threading.Tasks.Task&)
       [18] void System.Threading.Tasks.Task.RunContinuations(object)
       [19] void System.Runtime.CompilerServices.AsyncTaskMethodBuilder.SetResult()
       [20] void Crossweave.Application.UiAutomation+<KeyInput>d__46.MoveNext() (C:\Users\eckol\eckolo Dropbox\久乃銑泉\gist\crossweave\apps\crossweave-godot\Godot\Application\UiAutomation.Inheritance.cs:13)
       [21] void System.Threading.ExecutionContext.RunInternal(System.Threading.ExecutionContext, System.Threading.ContextCallback, object)
       [22] void System.Threading.Tasks.AwaitTaskContinuation.RunCallback(System.Threading.ContextCallback, object, System.Threading.Tasks.Task&)
       [23] void System.Threading.Tasks.Task.RunContinuations(object)
       [24] void System.Runtime.CompilerServices.AsyncTaskMethodBuilder.SetResult()
       [25] void Crossweave.Application.UiAutomation+<Idle>d__21.MoveNext() (C:\Users\eckol\eckolo Dropbox\久乃銑泉\gist\crossweave\apps\crossweave-godot\Godot\Application\UiAutomation.cs:105)
       [26] void System.Threading.ExecutionContext.RunInternal(System.Threading.ExecutionContext, System.Threading.ContextCallback, object)
       [27] void System.Threading.Tasks.AwaitTaskContinuation.RunCallback(System.Threading.ContextCallback, object, System.Threading.Tasks.Task&)
       [28] void System.Threading.Tasks.Task.RunContinuations(object)
       [29] void System.Runtime.CompilerServices.AsyncTaskMethodBuilder.SetResult()
       [30] void Crossweave.Application.UiAutomation+<Frame>d__20.MoveNext() (C:\Users\eckol\eckolo Dropbox\久乃銑泉\gist\crossweave\apps\crossweave-godot\Godot\Application\UiAutomation.cs:100)
       [31] void System.Threading.ExecutionContext.RunInternal(System.Threading.ExecutionContext, System.Threading.ContextCallback, object)
       [32] void System.Runtime.CompilerServices.AsyncTaskMethodBuilder`1+AsyncStateMachineBox`1.MoveNext()
       [33] void Godot.SignalAwaiter.SignalCallback(nint, Godot.NativeInterop.godot_variant**, int, Godot.NativeInterop.godot_bool*) (/root/godot/modules/mono/glue/GodotSharp/GodotSharp/Core/SignalAwaiter.cs:65)
