Godot Engine v4.7.2.stable.mono.official.ed1daf0bf - https://godotengine.org
OpenGL API 3.3.0 NVIDIA 573.01 - Compatibility - Using Device: NVIDIA - NVIDIA GeForce RTX 5050 Laptop GPU

UI PRESS open busy=False
UI PRESS menu busy=False
UI PRESS settings busy=False
UI PRESS modal-close busy=False
UI PRESS prepare busy=False
UI PRESS tab-passive busy=False
UI PRESS 取得-basic:PS01 busy=False
UI PRESS discard busy=False
UI PRESS home busy=False
UI PRESS menu busy=False
UI PRESS settings busy=False
UI PRESS modal-close busy=False
UI PRESS prepare busy=False
UI PRESS tab-passive busy=False
UI PRESS 取得-basic:PS01 busy=False
UI PRESS discard busy=False
UI PRESS home busy=False
UI PRESS menu busy=False
UI PRESS exit busy=False
