Godot Engine v4.7.2.stable.mono.official.ed1daf0bf - https://godotengine.org
WARNING: Your video card drivers seem not to support the required OpenGL 3.3 version, switching to ANGLE.
   at: DisplayServerWindows (platform/windows/display_server_windows.cpp:8227)
OpenGL API OpenGL ES 3.0 (ANGLE 2.1.1 git hash: aaebda1c5a40) - Compatibility - Using Device: Google Inc. (Microsoft) - ANGLE (Microsoft, Microsoft Basic Render Driver (0x0000008C) Direct3D11 vs_5_0 ps_5_0, D3D11-10.0.26100.33438)
ERROR: Condition "hr != ((HRESULT)0x00000000)" is true. Returning: ERR_CANT_OPEN
   at: audio_device_init (drivers/wasapi/audio_driver_wasapi.cpp:275)
ERROR: WASAPI: init_output_device error.
   at: init (drivers/wasapi/audio_driver_wasapi.cpp:600)
WARNING: All audio drivers failed, falling back to the dummy driver.
   at: initialize (servers/audio/audio_server.cpp:258)

UI PRESS new busy=False
UI PRESS depart busy=False
UI PRESS continue busy=False
UI PRESS detail-close busy=False
UI PRESS actor-V0 busy=False
UI PRESS detail-close busy=False
UI PRESS play busy=False
UI PRESS detail-close busy=False
UI PRESS actor-V0 busy=False
UI PRESS detail-close busy=False
UI PRESS play busy=False
UI PRESS detail-close busy=False
UI PRESS play busy=False
UI PRESS detail-close busy=False
UI PRESS play busy=False
UI PRESS detail-close busy=False
UI PRESS play busy=False
UI PRESS detail-close busy=False
UI PRESS play busy=False
UI PRESS detail-close busy=False
UI PRESS actor-V0 busy=False
UI PRESS detail-close busy=False
UI PRESS play busy=False
UI PRESS detail-close busy=False
UI PRESS play busy=False
UI PRESS detail-close busy=False
UI PRESS actor-V0 busy=False
UI PRESS detail-close busy=False
UI PRESS play busy=False
UI PRESS detail-close busy=False
UI PRESS actor-V0 busy=False
UI PRESS detail-close busy=False
UI PRESS play busy=False
UI PRESS detail-close busy=False
UI PRESS play busy=False
UI PRESS detail-close busy=False
UI PRESS actor-V0 busy=False
UI PRESS detail-close busy=False
UI PRESS play busy=False
UI PRESS detail-close busy=False
UI PRESS play busy=False
UI PRESS detail-close busy=False
UI PRESS play busy=False
UI PRESS detail-close busy=False
UI PRESS play busy=False
UI PRESS detail-close busy=False
UI PRESS actor-V0 busy=False
UI PRESS detail-close busy=False
UI PRESS play busy=False
UI PRESS continue busy=False
UI PRESS continue busy=False
UI PRESS detail-close busy=False
UI PRESS actor-V1 busy=False
UI PRESS detail-close busy=False
UI PRESS play busy=False
UI PRESS detail-close busy=False
UI PRESS actor-V1 busy=False
UI PRESS detail-close busy=False
UI PRESS play busy=False
UI PRESS detail-close busy=False
UI PRESS play busy=False
UI PRESS detail-close busy=False
UI PRESS play busy=False
UI PRESS detail-close busy=False
UI PRESS play busy=False
UI PRESS detail-close busy=False
UI PRESS actor-V1 busy=False
UI PRESS detail-close busy=False
UI PRESS play busy=False
UI PRESS detail-close busy=False
UI PRESS play busy=False
UI PRESS detail-close busy=False
UI PRESS actor-V1 busy=False
UI PRESS detail-close busy=False
UI PRESS play busy=False
UI PRESS detail-close busy=False
UI PRESS play busy=False
UI PRESS detail-close busy=False
UI PRESS actor-V1 busy=False
UI PRESS detail-close busy=False
UI PRESS play busy=False
UI PRESS detail-close busy=False
UI PRESS play busy=False
UI PRESS detail-close busy=False
UI PRESS actor-V1 busy=False
UI PRESS detail-close busy=False
UI PRESS play busy=False
UI PRESS detail-close busy=False
UI PRESS actor-V1 busy=False
UI PRESS detail-close busy=False
UI PRESS play busy=False
UI PRESS detail-close busy=False
UI PRESS actor-V1 busy=False
UI PRESS detail-close busy=False
UI PRESS play busy=False
UI PRESS detail-close busy=False
UI PRESS actor-V1 busy=False
UI PRESS detail-close busy=False
UI PRESS play busy=False
UI PRESS detail-close busy=False
UI PRESS play busy=False
UI PRESS detail-close busy=False
UI PRESS actor-V1 busy=False
UI PRESS detail-close busy=False
UI PRESS play busy=False
UI PRESS detail-close busy=False
UI PRESS play busy=False
UI PRESS detail-close busy=False
UI PRESS actor-V1 busy=False
UI PRESS detail-close busy=False
UI PRESS play busy=False
UI PRESS detail-close busy=False
UI PRESS actor-V1 busy=False
UI PRESS detail-close busy=False
UI PRESS play busy=False
UI PRESS detail-close busy=False
UI PRESS play busy=False
UI PRESS detail-close busy=False
UI PRESS play busy=False
UI PRESS detail-close busy=False
UI PRESS actor-V1 busy=False
UI PRESS detail-close busy=False
UI PRESS play busy=False
UI PRESS detail-close busy=False
UI PRESS actor-V1 busy=False
UI PRESS detail-close busy=False
UI PRESS play busy=False
UI PRESS detail-close busy=False
UI PRESS play busy=False
UI PRESS detail-close busy=False
UI PRESS actor-V1 busy=False
UI PRESS detail-close busy=False
UI PRESS play busy=False
UI PRESS detail-close busy=False
UI PRESS actor-V1 busy=False
UI PRESS detail-close busy=False
UI PRESS play busy=False
UI PRESS continue busy=False
UI PRESS ack busy=False
UI PRESS prepare busy=False
UI PRESS tab-passive busy=False
UI PRESS 取得-basic:PS01 busy=False
UI PRESS tab-card busy=False
UI PRESS 外す-owned-1 busy=False
UI PRESS 編成-owned-9 busy=False
UI PRESS tab-passive busy=False
UI PRESS 編成-pending:basic:PS01 busy=False
UI PRESS review busy=False
UI PRESS commit busy=False
UI PRESS home busy=False
UI PRESS depart busy=False
UI PRESS continue busy=False
UI PRESS detail-close busy=False
UI PRESS actor-V0 busy=False
UI PRESS detail-close busy=False
UI PRESS play busy=False
UI PRESS detail-close busy=False
UI PRESS play busy=False
UI PRESS detail-close busy=False
UI PRESS actor-V0 busy=False
UI PRESS detail-close busy=False
UI PRESS play busy=False
UI PRESS detail-close busy=False
UI PRESS play busy=False
UI PRESS detail-close busy=False
UI PRESS play busy=False
UI PRESS detail-close busy=False
UI PRESS actor-V0 busy=False
UI PRESS detail-close busy=False
UI PRESS play busy=False
UI PRESS detail-close busy=False
UI PRESS play busy=False
UI PRESS detail-close busy=False
UI PRESS actor-V0 busy=False
UI PRESS detail-close busy=False
UI PRESS play busy=False
UI PRESS detail-close busy=False
UI PRESS actor-V0 busy=False
UI PRESS detail-close busy=False
UI PRESS play busy=False
UI PRESS detail-close busy=False
UI PRESS play busy=False
UI PRESS detail-close busy=False
UI PRESS play busy=False
UI PRESS detail-close busy=False
UI PRESS actor-V0 busy=False
UI PRESS detail-close busy=False
UI PRESS play busy=False
UI PRESS detail-close busy=False
UI PRESS play busy=False
UI PRESS detail-close busy=False
UI PRESS actor-V0 busy=False
UI PRESS detail-close busy=False
UI PRESS play busy=False
UI PRESS continue busy=False
UI PRESS continue busy=False
UI PRESS detail-close busy=False
UI PRESS play busy=False
UI PRESS detail-close busy=False
UI PRESS play busy=False
UI PRESS detail-close busy=False
UI PRESS play busy=False
UI PRESS detail-close busy=False
UI PRESS play busy=False
UI PRESS detail-close busy=False
UI PRESS actor-V1 busy=False
UI PRESS detail-close busy=False
UI PRESS play busy=False
UI PRESS detail-close busy=False
UI PRESS actor-V1 busy=False
UI PRESS detail-close busy=False
UI PRESS play busy=False
UI PRESS detail-close busy=False
UI PRESS actor-V1 busy=False
UI PRESS detail-close busy=False
UI PRESS play busy=False
UI PRESS detail-close busy=False
UI PRESS play busy=False
UI PRESS detail-close busy=False
UI PRESS actor-V1 busy=False
UI PRESS detail-close busy=False
UI PRESS play busy=False
UI PRESS continue busy=False
UI PRESS ack busy=False
UI PRESS depart busy=False
UI PRESS withdraw busy=False
UI PRESS withdraw-confirm busy=False
UI PRESS repeat busy=False
UI PRESS exit busy=False
