Godot Engine v4.7.2.stable.mono.official.ed1daf0bf - https://godotengine.org
OpenGL API 3.3.0 NVIDIA 573.01 - Compatibility - Using Device: NVIDIA - NVIDIA GeForce RTX 5050 Laptop GPU

UI PRESS new busy=False
UI PRESS prepare busy=False
UI PRESS tab-passive busy=False
UI PRESS 取得-basic:PS01 busy=False
UI PRESS home busy=False
UI PRESS prepare busy=False
UI PRESS detail-unstage busy=False
UI PRESS tab-card busy=False
UI PRESS home busy=False
UI PRESS depart busy=False
UI PRESS continue busy=False
UI PRESS order-0 busy=False
UI PRESS detail-close busy=False
UI PRESS preview busy=False
UI PRESS modal-close busy=False
UI PRESS window-pin busy=False
UI PRESS modal-close busy=False
UI PRESS menu busy=False
UI PRESS settings busy=False
UI PRESS auto-details busy=False
UI PRESS modal-close busy=False
UI PRESS detail-close busy=False
UI PRESS menu busy=False
UI PRESS deck busy=False
UI PRESS deck-card-0 busy=False
UI PRESS modal-back busy=False
UI PRESS modal-close busy=False
UI PRESS menu busy=False
UI PRESS action-history busy=False
UI PRESS modal-close busy=False
UI PRESS knowledge busy=False
UI PRESS knowledge-group-0 busy=False
UI PRESS knowledge-back busy=False
UI PRESS modal-close busy=False
UI PRESS withdraw busy=False
UI PRESS withdraw-confirm busy=False
UI PRESS ack busy=False
UI PRESS prepare busy=False
UI PRESS menu busy=False
UI PRESS exit busy=False
