Godot Engine v4.7.2.stable.mono.official.ed1daf0bf - https://godotengine.org
OpenGL API 3.3.0 NVIDIA 573.01 - Compatibility - Using Device: NVIDIA - NVIDIA GeForce RTX 5050 Laptop GPU

UI PRESS new busy=False
UI PRESS depart busy=False
UI PRESS continue busy=False
UI PRESS detail-close busy=False
UI PRESS actor-V0 busy=False
UI PRESS detail-close busy=False
UI PRESS play busy=False
UI PRESS detail-close busy=False
UI PRESS actor-V0 busy=False
UI PRESS detail-close busy=False
UI PRESS play busy=False
UI PRESS detail-close busy=False
UI PRESS play busy=False
UI PRESS detail-close busy=False
UI PRESS play busy=False
UI PRESS detail-close busy=False
UI PRESS play busy=False
UI PRESS detail-close busy=False
UI PRESS play busy=False
UI PRESS detail-close busy=False
UI PRESS actor-V0 busy=False
UI PRESS detail-close busy=False
UI PRESS play busy=False
UI PRESS detail-close busy=False
UI PRESS play busy=False
UI PRESS detail-close busy=False
UI PRESS actor-V0 busy=False
UI PRESS detail-close busy=False
UI PRESS play busy=False
UI PRESS detail-close busy=False
UI PRESS actor-V0 busy=False
UI PRESS detail-close busy=False
UI PRESS play busy=False
UI PRESS detail-close busy=False
UI PRESS play busy=False
UI PRESS detail-close busy=False
UI PRESS actor-V0 busy=False
UI PRESS detail-close busy=False
UI PRESS play busy=False
UI PRESS detail-close busy=False
UI PRESS play busy=False
UI PRESS detail-close busy=False
UI PRESS play busy=False
UI PRESS detail-close busy=False
UI PRESS play busy=False
UI PRESS detail-close busy=False
UI PRESS actor-V0 busy=False
UI PRESS detail-close busy=False
UI PRESS play busy=False
UI PRESS continue busy=False
UI PRESS continue busy=False
UI PRESS detail-close busy=False
UI PRESS actor-V1 busy=False
UI PRESS detail-close busy=False
UI PRESS play busy=False
UI PRESS detail-close busy=False
UI PRESS actor-V1 busy=False
UI PRESS detail-close busy=False
UI PRESS play busy=False
UI PRESS detail-close busy=False
UI PRESS play busy=False
UI PRESS detail-close busy=False
UI PRESS play busy=False
UI PRESS detail-close busy=False
UI PRESS play busy=False
UI PRESS detail-close busy=False
UI PRESS actor-V1 busy=False
UI PRESS detail-close busy=False
UI PRESS play busy=False
UI PRESS detail-close busy=False
UI PRESS play busy=False
UI PRESS detail-close busy=False
UI PRESS actor-V1 busy=False
UI PRESS detail-close busy=False
UI PRESS play busy=False
UI PRESS detail-close busy=False
UI PRESS play busy=False
UI PRESS detail-close busy=False
UI PRESS actor-V1 busy=False
UI PRESS detail-close busy=False
UI PRESS play busy=False
UI PRESS detail-close busy=False
UI PRESS play busy=False
UI PRESS detail-close busy=False
UI PRESS actor-V1 busy=False
UI PRESS detail-close busy=False
UI PRESS play busy=False
UI PRESS detail-close busy=False
UI PRESS actor-V1 busy=False
UI PRESS detail-close busy=False
UI PRESS play busy=False
UI PRESS detail-close busy=False
UI PRESS actor-V1 busy=False
UI PRESS detail-close busy=False
UI PRESS play busy=False
UI PRESS detail-close busy=False
UI PRESS actor-V1 busy=False
UI PRESS detail-close busy=False
UI PRESS play busy=False
UI PRESS detail-close busy=False
UI PRESS play busy=False
UI PRESS detail-close busy=False
UI PRESS actor-V1 busy=False
UI PRESS detail-close busy=False
UI PRESS play busy=False
UI PRESS detail-close busy=False
UI PRESS play busy=False
UI PRESS detail-close busy=False
UI PRESS actor-V1 busy=False
UI PRESS detail-close busy=False
UI PRESS play busy=False
UI PRESS detail-close busy=False
UI PRESS actor-V1 busy=False
UI PRESS detail-close busy=False
UI PRESS play busy=False
UI PRESS detail-close busy=False
UI PRESS play busy=False
UI PRESS detail-close busy=False
UI PRESS play busy=False
UI PRESS detail-close busy=False
UI PRESS actor-V1 busy=False
UI PRESS detail-close busy=False
UI PRESS play busy=False
UI PRESS detail-close busy=False
UI PRESS actor-V1 busy=False
UI PRESS detail-close busy=False
UI PRESS play busy=False
UI PRESS detail-close busy=False
UI PRESS play busy=False
UI PRESS detail-close busy=False
UI PRESS actor-V1 busy=False
UI PRESS detail-close busy=False
UI PRESS play busy=False
UI PRESS detail-close busy=False
UI PRESS actor-V1 busy=False
UI PRESS detail-close busy=False
UI PRESS play busy=False
UI PRESS continue busy=False
UI PRESS ack busy=False
UI PRESS prepare busy=False
UI PRESS tab-passive busy=False
UI PRESS 取得-basic:PS01 busy=False
UI PRESS tab-card busy=False
UI PRESS 外す-owned-1 busy=False
UI PRESS 編成-owned-9 busy=False
UI PRESS tab-passive busy=False
UI PRESS 編成-pending:basic:PS01 busy=False
UI PRESS review busy=False
UI PRESS commit busy=False
UI PRESS home busy=False
UI PRESS depart busy=False
UI PRESS continue busy=False
UI PRESS detail-close busy=False
UI PRESS actor-V0 busy=False
UI PRESS detail-close busy=False
UI PRESS play busy=False
UI PRESS detail-close busy=False
UI PRESS play busy=False
UI PRESS detail-close busy=False
UI PRESS actor-V0 busy=False
UI PRESS detail-close busy=False
UI PRESS play busy=False
UI PRESS detail-close busy=False
UI PRESS play busy=False
UI PRESS detail-close busy=False
UI PRESS play busy=False
UI PRESS detail-close busy=False
UI PRESS actor-V0 busy=False
UI PRESS detail-close busy=False
UI PRESS play busy=False
UI PRESS detail-close busy=False
UI PRESS play busy=False
UI PRESS detail-close busy=False
UI PRESS actor-V0 busy=False
UI PRESS detail-close busy=False
UI PRESS play busy=False
UI PRESS detail-close busy=False
UI PRESS actor-V0 busy=False
UI PRESS detail-close busy=False
UI PRESS play busy=False
UI PRESS detail-close busy=False
UI PRESS play busy=False
UI PRESS detail-close busy=False
UI PRESS play busy=False
UI PRESS detail-close busy=False
UI PRESS actor-V0 busy=False
UI PRESS detail-close busy=False
UI PRESS play busy=False
UI PRESS detail-close busy=False
UI PRESS play busy=False
UI PRESS detail-close busy=False
UI PRESS actor-V0 busy=False
UI PRESS detail-close busy=False
UI PRESS play busy=False
UI PRESS continue busy=False
UI PRESS continue busy=False
UI PRESS detail-close busy=False
UI PRESS play busy=False
UI PRESS detail-close busy=False
UI PRESS play busy=False
UI PRESS detail-close busy=False
UI PRESS play busy=False
UI PRESS detail-close busy=False
UI PRESS play busy=False
UI PRESS detail-close busy=False
UI PRESS actor-V1 busy=False
UI PRESS detail-close busy=False
UI PRESS play busy=False
UI PRESS detail-close busy=False
UI PRESS actor-V1 busy=False
UI PRESS detail-close busy=False
UI PRESS play busy=False
UI PRESS detail-close busy=False
UI PRESS actor-V1 busy=False
UI PRESS detail-close busy=False
UI PRESS play busy=False
UI PRESS detail-close busy=False
UI PRESS play busy=False
UI PRESS detail-close busy=False
UI PRESS actor-V1 busy=False
UI PRESS detail-close busy=False
UI PRESS play busy=False
UI PRESS continue busy=False
UI PRESS ack busy=False
UI PRESS knowledge busy=False
UI PRESS knowledge-group-0 busy=False
UI PRESS knowledge-card-0 busy=False
UI PRESS modal-back busy=False
UI PRESS modal-close busy=False
UI PRESS depart busy=False
UI PRESS withdraw busy=False
UI PRESS withdraw-confirm busy=False
UI PRESS menu busy=False
UI PRESS repeat busy=False
UI PRESS menu busy=False
UI PRESS exit busy=False
