Godot Engine v4.7.2.stable.mono.official.ed1daf0bf - https://godotengine.org

UI PRESS new busy=False
UI PRESS depart busy=False
UI PRESS continue busy=False
UI PRESS detail-close busy=False
UI PRESS actor-E1 busy=False
UI PRESS detail-close busy=False
UI PRESS play busy=False
UI PRESS detail-close busy=False
UI PRESS actor-E1 busy=False
UI PRESS detail-close busy=False
UI PRESS play busy=False
UI PRESS detail-close busy=False
UI PRESS play busy=False
UI PRESS detail-close busy=False
UI PRESS play busy=False
UI PRESS detail-close busy=False
UI PRESS play busy=False
UI PRESS detail-close busy=False
UI PRESS actor-E1 busy=False
UI PRESS detail-close busy=False
UI PRESS play busy=False
UI PRESS detail-close busy=False
UI PRESS actor-E1 busy=False
UI PRESS detail-close busy=False
UI PRESS play busy=False
UI PRESS detail-close busy=False
UI PRESS actor-E1 busy=False
UI PRESS detail-close busy=False
UI PRESS play busy=False
UI PRESS detail-close busy=False
UI PRESS play busy=False
UI PRESS detail-close busy=False
UI PRESS actor-E1 busy=False
UI PRESS detail-close busy=False
UI PRESS play busy=False
UI PRESS detail-close busy=False
UI PRESS actor-E1 busy=False
UI PRESS detail-close busy=False
UI PRESS play busy=False
UI PRESS detail-close busy=False
UI PRESS actor-E1 busy=False
UI PRESS detail-close busy=False
UI PRESS play busy=False
UI PRESS detail-close busy=False
UI PRESS actor-E1 busy=False
UI PRESS detail-close busy=False
UI PRESS play busy=False
UI PRESS detail-close busy=False
UI PRESS actor-E1 busy=False
UI PRESS detail-close busy=False
UI PRESS play busy=False
UI PRESS detail-close busy=False
UI PRESS play busy=False
UI PRESS detail-close busy=False
UI PRESS play busy=False
UI PRESS detail-close busy=False
UI PRESS play busy=False
UI PRESS detail-close busy=False
UI PRESS play busy=False
UI PRESS detail-close busy=False
UI PRESS play busy=False
UI PRESS detail-close busy=False
UI PRESS actor-E1 busy=False
UI PRESS detail-close busy=False
UI PRESS play busy=False
UI PRESS detail-close busy=False
UI PRESS play busy=False
UI PRESS detail-close busy=False
UI PRESS play busy=False
UI PRESS detail-close busy=False
UI PRESS play busy=False
UI PRESS detail-close busy=False
UI PRESS actor-E1 busy=False
UI PRESS detail-close busy=False
UI PRESS play busy=False
UI PRESS detail-close busy=False
UI PRESS actor-E1 busy=False
UI PRESS detail-close busy=False
UI PRESS play busy=False
UI PRESS detail-close busy=False
UI PRESS play busy=False
UI PRESS detail-close busy=False
UI PRESS play busy=False
UI PRESS detail-close busy=False
UI PRESS actor-E1 busy=False
UI PRESS detail-close busy=False
UI PRESS play busy=False
UI PRESS detail-close busy=False
UI PRESS play busy=False
UI PRESS detail-close busy=False
UI PRESS actor-E1 busy=False
UI PRESS detail-close busy=False
UI PRESS play busy=False
UI PRESS detail-close busy=False
UI PRESS play busy=False
UI PRESS detail-close busy=False
UI PRESS play busy=False
UI PRESS detail-close busy=False
UI PRESS play busy=False
UI PRESS detail-close busy=False
UI PRESS actor-E1 busy=False
UI PRESS detail-close busy=False
UI PRESS play busy=False
UI PRESS detail-close busy=False
UI PRESS actor-E1 busy=False
UI PRESS detail-close busy=False
UI PRESS play busy=False
UI PRESS detail-close busy=False
UI PRESS play busy=False
UI PRESS detail-close busy=False
UI PRESS play busy=False
UI PRESS detail-close busy=False
UI PRESS play busy=False
UI PRESS detail-close busy=False
UI PRESS actor-E1 busy=False
UI PRESS detail-close busy=False
UI PRESS play busy=False
UI PRESS detail-close busy=False
UI PRESS actor-E1 busy=False
UI PRESS detail-close busy=False
UI PRESS play busy=False
UI PRESS detail-close busy=False
UI PRESS play busy=False
UI PRESS detail-close busy=False
UI PRESS play busy=False
UI PRESS detail-close busy=False
UI PRESS actor-V0 busy=False
UI PRESS detail-close busy=False
UI PRESS play busy=False
UI PRESS detail-close busy=False
UI PRESS play busy=False
UI PRESS detail-close busy=False
UI PRESS actor-V0 busy=False
UI PRESS detail-close busy=False
UI PRESS play busy=False
UI PRESS detail-close busy=False
UI PRESS play busy=False
UI PRESS detail-close busy=False
UI PRESS play busy=False
UI PRESS detail-close busy=False
UI PRESS play busy=False
UI PRESS menu busy=False
UI PRESS repeat busy=False
UI PRESS menu busy=False
UI PRESS exit busy=False
