<?xml version="1.0" encoding="utf-8"?>
<TestRun id="41389dbe-ba33-4b2c-88f0-cdccf8eb7032" name="runneradmin@runnervmfi6oq 2026-10-05 01:51:20" runUser="runnervmfi6oq\runneradmin" xmlns="http://microsoft.com/schemas/VisualStudio/TeamTest/2010">
  <Times creation="2026-10-05T01:51:20.8161651+00:00" queuing="2026-10-05T01:51:20.8161652+00:00" start="2026-10-05T01:51:18.4237047+00:00" finish="2026-10-05T01:51:57.6390157+00:00" />
  <TestSettings name="default" id="8df4b6a5-cda0-48ce-a3be-4d24c9c10aaa">
    <Deployment runDeploymentRoot="runneradmin_runnervmfi6oq_2026-10-05_01_51_20" />
  </TestSettings>
  <Results>
    <UnitTestResult executionId="885f1fb6-a0ca-45c6-876e-1a3ab620aa95" testId="f1d2cd33-a3c1-7f22-859a-68539fbbfc50" testName="Crossweave.Tests.ApplicationTests.AuthoredDefenseBoundariesMatchOldResolver(name: &quot;D58-V0-h&quot;)" computerName="runnervmfi6oq" duration="00:00:00.3154032" startTime="2026-10-05T01:51:21.0116901+00:00" endTime="2026-10-05T01:51:21.3274796+00:00" testType="13cdc9d9-ddb5-4fa4-a97d-d965ccfc6d4b" outcome="Passed" testListId="8c84fa94-04c1-424b-9868-57a2d4851a1d" relativeResultsDirectory="885f1fb6-a0ca-45c6-876e-1a3ab620aa95" />
    <UnitTestResult executionId="9b886a16-811e-4e03-b6d0-8ce63f52cb1d" testId="7cbd33c4-7748-91dc-d971-a41cef10b986" testName="Crossweave.Tests.ApplicationTests.RecordedJavaScriptOperationsMatchCombatAndPersistentResults(name: &quot;withdraw-unprotected&quot;)" computerName="runnervmfi6oq" duration="00:00:00.3462998" startTime="2026-10-05T01:51:41.3775978+00:00" endTime="2026-10-05T01:51:41.7237217+00:00" testType="13cdc9d9-ddb5-4fa4-a97d-d965ccfc6d4b" outcome="Passed" testListId="8c84fa94-04c1-424b-9868-57a2d4851a1d" relativeResultsDirectory="9b886a16-811e-4e03-b6d0-8ce63f52cb1d" />
    <UnitTestResult executionId="908cea35-bc59-4c9f-986e-3eab15fb67b0" testId="b9238ce4-30a7-f71b-34f4-364fd3c85761" testName="Crossweave.Tests.ApplicationTests.RecordedJavaScriptOperationsMatchCombatAndPersistentResults(name: &quot;natural&quot;)" computerName="runnervmfi6oq" duration="00:00:13.1945374" startTime="2026-10-05T01:51:21.6409810+00:00" endTime="2026-10-05T01:51:34.8356180+00:00" testType="13cdc9d9-ddb5-4fa4-a97d-d965ccfc6d4b" outcome="Passed" testListId="8c84fa94-04c1-424b-9868-57a2d4851a1d" relativeResultsDirectory="908cea35-bc59-4c9f-986e-3eab15fb67b0" />
    <UnitTestResult executionId="20bcdce7-0227-4b87-bd43-dee79683428a" testId="89699fd4-7a5b-0732-b838-4f9b9ff9286e" testName="Crossweave.Tests.ApplicationTests.RecordedJavaScriptOperationsMatchCombatAndPersistentResults(name: &quot;withdraw-protected&quot;)" computerName="runnervmfi6oq" duration="00:00:02.3938476" startTime="2026-10-05T01:51:41.7240972+00:00" endTime="2026-10-05T01:51:44.1177566+00:00" testType="13cdc9d9-ddb5-4fa4-a97d-d965ccfc6d4b" outcome="Passed" testListId="8c84fa94-04c1-424b-9868-57a2d4851a1d" relativeResultsDirectory="20bcdce7-0227-4b87-bd43-dee79683428a" />
    <UnitTestResult executionId="eaffbcc3-1b5e-46b9-b90c-e91d1bb6b097" testId="794eea4b-fdfb-d1be-dd2b-f9038a388d5f" testName="Crossweave.Tests.ApplicationTests.AuthoredDefenseBoundariesMatchOldResolver(name: &quot;D55-D58-hit-0&quot;)" computerName="runnervmfi6oq" duration="00:00:00.2770843" startTime="2026-10-05T01:51:20.1629577+00:00" endTime="2026-10-05T01:51:20.4397624+00:00" testType="13cdc9d9-ddb5-4fa4-a97d-d965ccfc6d4b" outcome="Passed" testListId="8c84fa94-04c1-424b-9868-57a2d4851a1d" relativeResultsDirectory="eaffbcc3-1b5e-46b9-b90c-e91d1bb6b097" />
    <UnitTestResult executionId="fd50536b-a960-4f22-8503-4903266dccd7" testId="35db61fb-532b-a2ac-38e6-d3b306587fa0" testName="Crossweave.Tests.ApplicationTests.AuthoredDefenseBoundariesMatchOldResolver(name: &quot;D55-D58-hit-99&quot;)" computerName="runnervmfi6oq" duration="00:00:00.7018320" startTime="2026-10-05T01:51:19.4491138+00:00" endTime="2026-10-05T01:51:20.1625562+00:00" testType="13cdc9d9-ddb5-4fa4-a97d-d965ccfc6d4b" outcome="Passed" testListId="8c84fa94-04c1-424b-9868-57a2d4851a1d" relativeResultsDirectory="fd50536b-a960-4f22-8503-4903266dccd7" />
    <UnitTestResult executionId="684e0c38-0e6a-4dd3-a240-a8dd79a150bc" testId="816a303f-f281-4b55-e161-d0498ea9c0e4" testName="Crossweave.Tests.ApplicationTests.AuthoredDefenseBoundariesMatchOldResolver(name: &quot;D58-P-l&quot;)" computerName="runnervmfi6oq" duration="00:00:00.3014233" startTime="2026-10-05T01:51:20.7726044+00:00" endTime="2026-10-05T01:51:21.0112736+00:00" testType="13cdc9d9-ddb5-4fa4-a97d-d965ccfc6d4b" outcome="Passed" testListId="8c84fa94-04c1-424b-9868-57a2d4851a1d" relativeResultsDirectory="684e0c38-0e6a-4dd3-a240-a8dd79a150bc" />
    <UnitTestResult executionId="a3ceb908-9315-43de-a6a4-abe182a4cdf7" testId="b4259f9e-0fc6-fd4f-5c19-01daa2f93a3a" testName="Crossweave.Tests.ApplicationTests.UiPublicLabelsAndOwnCatalogueDoNotChangeSaveOrRevealNpcCards" computerName="runnervmfi6oq" duration="00:00:00.2539911" startTime="2026-10-05T01:51:44.9414947+00:00" endTime="2026-10-05T01:51:45.1955477+00:00" testType="13cdc9d9-ddb5-4fa4-a97d-d965ccfc6d4b" outcome="Passed" testListId="8c84fa94-04c1-424b-9868-57a2d4851a1d" relativeResultsDirectory="a3ceb908-9315-43de-a6a4-abe182a4cdf7" />
    <UnitTestResult executionId="d2c7b241-33d4-4608-b8fa-4beb40b2ddd8" testId="105aa2cf-9e1c-ae3f-1982-626c853864ad" testName="Crossweave.Tests.UiPublicProjectionTests.ObservationClassesUseRecordedRunActorAndVersionWithoutPrivateIdentities" computerName="runnervmfi6oq" duration="00:00:00.1188955" startTime="2026-10-05T01:51:19.4464427+00:00" endTime="2026-10-05T01:51:19.5838067+00:00" testType="13cdc9d9-ddb5-4fa4-a97d-d965ccfc6d4b" outcome="Passed" testListId="8c84fa94-04c1-424b-9868-57a2d4851a1d" relativeResultsDirectory="d2c7b241-33d4-4608-b8fa-4beb40b2ddd8" />
    <UnitTestResult executionId="043d2118-98a3-46ce-b9a8-ebfa4454126a" testId="f51940fb-7c74-2807-ba95-e0c6808ad5ea" testName="Crossweave.Tests.ApplicationTests.PreviewExpiryDestinationsUseResolvedRecoveryAndPreserveOwner" computerName="runnervmfi6oq" duration="00:00:12.3575970" startTime="2026-10-05T01:51:45.1957648+00:00" endTime="2026-10-05T01:51:57.5534745+00:00" testType="13cdc9d9-ddb5-4fa4-a97d-d965ccfc6d4b" outcome="Passed" testListId="8c84fa94-04c1-424b-9868-57a2d4851a1d" relativeResultsDirectory="043d2118-98a3-46ce-b9a8-ebfa4454126a" />
    <UnitTestResult executionId="f8a7dbef-620c-4af0-b873-18da7db77078" testId="3e5a9559-98d5-5c0b-fd7c-22684ba66c92" testName="Crossweave.Tests.ApplicationTests.AuthoredDefenseBoundariesMatchOldResolver(name: &quot;D58-V0-l&quot;)" computerName="runnervmfi6oq" duration="00:00:00.3129312" startTime="2026-10-05T01:51:21.3278244+00:00" endTime="2026-10-05T01:51:21.6406061+00:00" testType="13cdc9d9-ddb5-4fa4-a97d-d965ccfc6d4b" outcome="Passed" testListId="8c84fa94-04c1-424b-9868-57a2d4851a1d" relativeResultsDirectory="f8a7dbef-620c-4af0-b873-18da7db77078" />
    <UnitTestResult executionId="118519bf-a68a-470a-a795-a7b5d89ba390" testId="76c68f36-a6a5-98e9-a309-3d2d0e0cc225" testName="Crossweave.Tests.UiPublicProjectionTests.OldSnapshotsKeepValuesAndDoNotAcquireCurrentNamesOrCatalogues" computerName="runnervmfi6oq" duration="00:00:00.0139336" startTime="2026-10-05T01:51:19.6032692+00:00" endTime="2026-10-05T01:51:19.6033755+00:00" testType="13cdc9d9-ddb5-4fa4-a97d-d965ccfc6d4b" outcome="Passed" testListId="8c84fa94-04c1-424b-9868-57a2d4851a1d" relativeResultsDirectory="118519bf-a68a-470a-a795-a7b5d89ba390" />
    <UnitTestResult executionId="013475fd-5cd6-454b-8cd4-4f8fa6d5e9d1" testId="eaf4defa-65e3-897f-e153-a2fc351ab682" testName="Crossweave.Tests.UiPublicProjectionTests.ExistingLegalSavesRestoreWithReadonlyKnowledgeAndAffixViews" computerName="runnervmfi6oq" duration="00:00:25.8328238" startTime="2026-10-05T01:51:19.6044669+00:00" endTime="2026-10-05T01:51:45.4323948+00:00" testType="13cdc9d9-ddb5-4fa4-a97d-d965ccfc6d4b" outcome="Passed" testListId="8c84fa94-04c1-424b-9868-57a2d4851a1d" relativeResultsDirectory="013475fd-5cd6-454b-8cd4-4f8fa6d5e9d1" />
    <UnitTestResult executionId="5bb92082-2b57-4698-a750-42fecee814b5" testId="bbaae67f-081b-5a86-baba-39166ce8828d" testName="Crossweave.Tests.ApplicationTests.RecordedJavaScriptOperationsMatchCombatAndPersistentResults(name: &quot;defeat&quot;)" computerName="runnervmfi6oq" duration="00:00:06.0441687" startTime="2026-10-05T01:51:35.3332249+00:00" endTime="2026-10-05T01:51:41.3769102+00:00" testType="13cdc9d9-ddb5-4fa4-a97d-d965ccfc6d4b" outcome="Passed" testListId="8c84fa94-04c1-424b-9868-57a2d4851a1d" relativeResultsDirectory="5bb92082-2b57-4698-a750-42fecee814b5" />
    <UnitTestResult executionId="960ba814-4357-4568-8a61-92b2e5a3c362" testId="4008ecd1-91b7-45ce-e015-b451345ee462" testName="Crossweave.Tests.ApplicationTests.RecordedJavaScriptOperationsMatchCombatAndPersistentResults(name: &quot;withdraw-before&quot;)" computerName="runnervmfi6oq" duration="00:00:00.4968042" startTime="2026-10-05T01:51:34.8369499+00:00" endTime="2026-10-05T01:51:35.3328851+00:00" testType="13cdc9d9-ddb5-4fa4-a97d-d965ccfc6d4b" outcome="Passed" testListId="8c84fa94-04c1-424b-9868-57a2d4851a1d" relativeResultsDirectory="960ba814-4357-4568-8a61-92b2e5a3c362" />
    <UnitTestResult executionId="fed89127-c1f5-49eb-b871-4c035cc99f19" testId="849c935f-1fba-6e2e-3813-4bc45cbae860" testName="Crossweave.Tests.ApplicationTests.RecordedJavaScriptOperationsMatchCombatAndPersistentResults(name: &quot;legal-acquisition&quot;)" computerName="runnervmfi6oq" duration="00:00:00.8231839" startTime="2026-10-05T01:51:44.1180629+00:00" endTime="2026-10-05T01:51:44.9412487+00:00" testType="13cdc9d9-ddb5-4fa4-a97d-d965ccfc6d4b" outcome="Passed" testListId="8c84fa94-04c1-424b-9868-57a2d4851a1d" relativeResultsDirectory="fed89127-c1f5-49eb-b871-4c035cc99f19" />
    <UnitTestResult executionId="73b29f03-f876-4434-9fc2-706cabd1cff6" testId="44d169d3-a851-06fc-93c6-7c74d28057b3" testName="Crossweave.Tests.ApplicationTests.AuthoredDefenseBoundariesMatchOldResolver(name: &quot;D58-V0-weak_B&quot;)" computerName="runnervmfi6oq" duration="00:00:00.2696488" startTime="2026-10-05T01:51:20.4400993+00:00" endTime="2026-10-05T01:51:20.7096439+00:00" testType="13cdc9d9-ddb5-4fa4-a97d-d965ccfc6d4b" outcome="Passed" testListId="8c84fa94-04c1-424b-9868-57a2d4851a1d" relativeResultsDirectory="73b29f03-f876-4434-9fc2-706cabd1cff6" />
  </Results>
  <TestDefinitions>
    <UnitTest name="Crossweave.Tests.ApplicationTests.AuthoredDefenseBoundariesMatchOldResolver(name: &quot;D55-D58-hit-99&quot;)" storage="d:\a\crossweave\crossweave\apps\crossweave-godot\tests\bin\debug\net10.0\crossweave.tests.dll" id="35db61fb-532b-a2ac-38e6-d3b306587fa0">
      <Execution id="fd50536b-a960-4f22-8503-4903266dccd7" />
      <TestMethod codeBase="D:\a\crossweave\crossweave\apps\crossweave-godot\Tests\bin\Debug\net10.0\Crossweave.Tests.dll" adapterTypeName="executor://xunit/VsTestRunner3/netcore/" className="Crossweave.Tests.ApplicationTests" name="AuthoredDefenseBoundariesMatchOldResolver" />
    </UnitTest>
    <UnitTest name="Crossweave.Tests.ApplicationTests.AuthoredDefenseBoundariesMatchOldResolver(name: &quot;D58-P-l&quot;)" storage="d:\a\crossweave\crossweave\apps\crossweave-godot\tests\bin\debug\net10.0\crossweave.tests.dll" id="816a303f-f281-4b55-e161-d0498ea9c0e4">
      <Execution id="684e0c38-0e6a-4dd3-a240-a8dd79a150bc" />
      <TestMethod codeBase="D:\a\crossweave\crossweave\apps\crossweave-godot\Tests\bin\Debug\net10.0\Crossweave.Tests.dll" adapterTypeName="executor://xunit/VsTestRunner3/netcore/" className="Crossweave.Tests.ApplicationTests" name="AuthoredDefenseBoundariesMatchOldResolver" />
    </UnitTest>
    <UnitTest name="Crossweave.Tests.ApplicationTests.RecordedJavaScriptOperationsMatchCombatAndPersistentResults(name: &quot;defeat&quot;)" storage="d:\a\crossweave\crossweave\apps\crossweave-godot\tests\bin\debug\net10.0\crossweave.tests.dll" id="bbaae67f-081b-5a86-baba-39166ce8828d">
      <Execution id="5bb92082-2b57-4698-a750-42fecee814b5" />
      <TestMethod codeBase="D:\a\crossweave\crossweave\apps\crossweave-godot\Tests\bin\Debug\net10.0\Crossweave.Tests.dll" adapterTypeName="executor://xunit/VsTestRunner3/netcore/" className="Crossweave.Tests.ApplicationTests" name="RecordedJavaScriptOperationsMatchCombatAndPersistentResults" />
    </UnitTest>
    <UnitTest name="Crossweave.Tests.ApplicationTests.AuthoredDefenseBoundariesMatchOldResolver(name: &quot;D58-V0-h&quot;)" storage="d:\a\crossweave\crossweave\apps\crossweave-godot\tests\bin\debug\net10.0\crossweave.tests.dll" id="f1d2cd33-a3c1-7f22-859a-68539fbbfc50">
      <Execution id="885f1fb6-a0ca-45c6-876e-1a3ab620aa95" />
      <TestMethod codeBase="D:\a\crossweave\crossweave\apps\crossweave-godot\Tests\bin\Debug\net10.0\Crossweave.Tests.dll" adapterTypeName="executor://xunit/VsTestRunner3/netcore/" className="Crossweave.Tests.ApplicationTests" name="AuthoredDefenseBoundariesMatchOldResolver" />
    </UnitTest>
    <UnitTest name="Crossweave.Tests.ApplicationTests.RecordedJavaScriptOperationsMatchCombatAndPersistentResults(name: &quot;withdraw-unprotected&quot;)" storage="d:\a\crossweave\crossweave\apps\crossweave-godot\tests\bin\debug\net10.0\crossweave.tests.dll" id="7cbd33c4-7748-91dc-d971-a41cef10b986">
      <Execution id="9b886a16-811e-4e03-b6d0-8ce63f52cb1d" />
      <TestMethod codeBase="D:\a\crossweave\crossweave\apps\crossweave-godot\Tests\bin\Debug\net10.0\Crossweave.Tests.dll" adapterTypeName="executor://xunit/VsTestRunner3/netcore/" className="Crossweave.Tests.ApplicationTests" name="RecordedJavaScriptOperationsMatchCombatAndPersistentResults" />
    </UnitTest>
    <UnitTest name="Crossweave.Tests.UiPublicProjectionTests.ExistingLegalSavesRestoreWithReadonlyKnowledgeAndAffixViews" storage="d:\a\crossweave\crossweave\apps\crossweave-godot\tests\bin\debug\net10.0\crossweave.tests.dll" id="eaf4defa-65e3-897f-e153-a2fc351ab682">
      <Execution id="013475fd-5cd6-454b-8cd4-4f8fa6d5e9d1" />
      <TestMethod codeBase="D:\a\crossweave\crossweave\apps\crossweave-godot\Tests\bin\Debug\net10.0\Crossweave.Tests.dll" adapterTypeName="executor://xunit/VsTestRunner3/netcore/" className="Crossweave.Tests.UiPublicProjectionTests" name="ExistingLegalSavesRestoreWithReadonlyKnowledgeAndAffixViews" />
    </UnitTest>
    <UnitTest name="Crossweave.Tests.ApplicationTests.RecordedJavaScriptOperationsMatchCombatAndPersistentResults(name: &quot;withdraw-protected&quot;)" storage="d:\a\crossweave\crossweave\apps\crossweave-godot\tests\bin\debug\net10.0\crossweave.tests.dll" id="89699fd4-7a5b-0732-b838-4f9b9ff9286e">
      <Execution id="20bcdce7-0227-4b87-bd43-dee79683428a" />
      <TestMethod codeBase="D:\a\crossweave\crossweave\apps\crossweave-godot\Tests\bin\Debug\net10.0\Crossweave.Tests.dll" adapterTypeName="executor://xunit/VsTestRunner3/netcore/" className="Crossweave.Tests.ApplicationTests" name="RecordedJavaScriptOperationsMatchCombatAndPersistentResults" />
    </UnitTest>
    <UnitTest name="Crossweave.Tests.ApplicationTests.RecordedJavaScriptOperationsMatchCombatAndPersistentResults(name: &quot;withdraw-before&quot;)" storage="d:\a\crossweave\crossweave\apps\crossweave-godot\tests\bin\debug\net10.0\crossweave.tests.dll" id="4008ecd1-91b7-45ce-e015-b451345ee462">
      <Execution id="960ba814-4357-4568-8a61-92b2e5a3c362" />
      <TestMethod codeBase="D:\a\crossweave\crossweave\apps\crossweave-godot\Tests\bin\Debug\net10.0\Crossweave.Tests.dll" adapterTypeName="executor://xunit/VsTestRunner3/netcore/" className="Crossweave.Tests.ApplicationTests" name="RecordedJavaScriptOperationsMatchCombatAndPersistentResults" />
    </UnitTest>
    <UnitTest name="Crossweave.Tests.ApplicationTests.PreviewExpiryDestinationsUseResolvedRecoveryAndPreserveOwner" storage="d:\a\crossweave\crossweave\apps\crossweave-godot\tests\bin\debug\net10.0\crossweave.tests.dll" id="f51940fb-7c74-2807-ba95-e0c6808ad5ea">
      <Execution id="043d2118-98a3-46ce-b9a8-ebfa4454126a" />
      <TestMethod codeBase="D:\a\crossweave\crossweave\apps\crossweave-godot\Tests\bin\Debug\net10.0\Crossweave.Tests.dll" adapterTypeName="executor://xunit/VsTestRunner3/netcore/" className="Crossweave.Tests.ApplicationTests" name="PreviewExpiryDestinationsUseResolvedRecoveryAndPreserveOwner" />
    </UnitTest>
    <UnitTest name="Crossweave.Tests.ApplicationTests.RecordedJavaScriptOperationsMatchCombatAndPersistentResults(name: &quot;natural&quot;)" storage="d:\a\crossweave\crossweave\apps\crossweave-godot\tests\bin\debug\net10.0\crossweave.tests.dll" id="b9238ce4-30a7-f71b-34f4-364fd3c85761">
      <Execution id="908cea35-bc59-4c9f-986e-3eab15fb67b0" />
      <TestMethod codeBase="D:\a\crossweave\crossweave\apps\crossweave-godot\Tests\bin\Debug\net10.0\Crossweave.Tests.dll" adapterTypeName="executor://xunit/VsTestRunner3/netcore/" className="Crossweave.Tests.ApplicationTests" name="RecordedJavaScriptOperationsMatchCombatAndPersistentResults" />
    </UnitTest>
    <UnitTest name="Crossweave.Tests.UiPublicProjectionTests.ObservationClassesUseRecordedRunActorAndVersionWithoutPrivateIdentities" storage="d:\a\crossweave\crossweave\apps\crossweave-godot\tests\bin\debug\net10.0\crossweave.tests.dll" id="105aa2cf-9e1c-ae3f-1982-626c853864ad">
      <Execution id="d2c7b241-33d4-4608-b8fa-4beb40b2ddd8" />
      <TestMethod codeBase="D:\a\crossweave\crossweave\apps\crossweave-godot\Tests\bin\Debug\net10.0\Crossweave.Tests.dll" adapterTypeName="executor://xunit/VsTestRunner3/netcore/" className="Crossweave.Tests.UiPublicProjectionTests" name="ObservationClassesUseRecordedRunActorAndVersionWithoutPrivateIdentities" />
    </UnitTest>
    <UnitTest name="Crossweave.Tests.ApplicationTests.RecordedJavaScriptOperationsMatchCombatAndPersistentResults(name: &quot;legal-acquisition&quot;)" storage="d:\a\crossweave\crossweave\apps\crossweave-godot\tests\bin\debug\net10.0\crossweave.tests.dll" id="849c935f-1fba-6e2e-3813-4bc45cbae860">
      <Execution id="fed89127-c1f5-49eb-b871-4c035cc99f19" />
      <TestMethod codeBase="D:\a\crossweave\crossweave\apps\crossweave-godot\Tests\bin\Debug\net10.0\Crossweave.Tests.dll" adapterTypeName="executor://xunit/VsTestRunner3/netcore/" className="Crossweave.Tests.ApplicationTests" name="RecordedJavaScriptOperationsMatchCombatAndPersistentResults" />
    </UnitTest>
    <UnitTest name="Crossweave.Tests.ApplicationTests.AuthoredDefenseBoundariesMatchOldResolver(name: &quot;D58-V0-weak_B&quot;)" storage="d:\a\crossweave\crossweave\apps\crossweave-godot\tests\bin\debug\net10.0\crossweave.tests.dll" id="44d169d3-a851-06fc-93c6-7c74d28057b3">
      <Execution id="73b29f03-f876-4434-9fc2-706cabd1cff6" />
      <TestMethod codeBase="D:\a\crossweave\crossweave\apps\crossweave-godot\Tests\bin\Debug\net10.0\Crossweave.Tests.dll" adapterTypeName="executor://xunit/VsTestRunner3/netcore/" className="Crossweave.Tests.ApplicationTests" name="AuthoredDefenseBoundariesMatchOldResolver" />
    </UnitTest>
    <UnitTest name="Crossweave.Tests.ApplicationTests.AuthoredDefenseBoundariesMatchOldResolver(name: &quot;D58-V0-l&quot;)" storage="d:\a\crossweave\crossweave\apps\crossweave-godot\tests\bin\debug\net10.0\crossweave.tests.dll" id="3e5a9559-98d5-5c0b-fd7c-22684ba66c92">
      <Execution id="f8a7dbef-620c-4af0-b873-18da7db77078" />
      <TestMethod codeBase="D:\a\crossweave\crossweave\apps\crossweave-godot\Tests\bin\Debug\net10.0\Crossweave.Tests.dll" adapterTypeName="executor://xunit/VsTestRunner3/netcore/" className="Crossweave.Tests.ApplicationTests" name="AuthoredDefenseBoundariesMatchOldResolver" />
    </UnitTest>
    <UnitTest name="Crossweave.Tests.ApplicationTests.UiPublicLabelsAndOwnCatalogueDoNotChangeSaveOrRevealNpcCards" storage="d:\a\crossweave\crossweave\apps\crossweave-godot\tests\bin\debug\net10.0\crossweave.tests.dll" id="b4259f9e-0fc6-fd4f-5c19-01daa2f93a3a">
      <Execution id="a3ceb908-9315-43de-a6a4-abe182a4cdf7" />
      <TestMethod codeBase="D:\a\crossweave\crossweave\apps\crossweave-godot\Tests\bin\Debug\net10.0\Crossweave.Tests.dll" adapterTypeName="executor://xunit/VsTestRunner3/netcore/" className="Crossweave.Tests.ApplicationTests" name="UiPublicLabelsAndOwnCatalogueDoNotChangeSaveOrRevealNpcCards" />
    </UnitTest>
    <UnitTest name="Crossweave.Tests.UiPublicProjectionTests.OldSnapshotsKeepValuesAndDoNotAcquireCurrentNamesOrCatalogues" storage="d:\a\crossweave\crossweave\apps\crossweave-godot\tests\bin\debug\net10.0\crossweave.tests.dll" id="76c68f36-a6a5-98e9-a309-3d2d0e0cc225">
      <Execution id="118519bf-a68a-470a-a795-a7b5d89ba390" />
      <TestMethod codeBase="D:\a\crossweave\crossweave\apps\crossweave-godot\Tests\bin\Debug\net10.0\Crossweave.Tests.dll" adapterTypeName="executor://xunit/VsTestRunner3/netcore/" className="Crossweave.Tests.UiPublicProjectionTests" name="OldSnapshotsKeepValuesAndDoNotAcquireCurrentNamesOrCatalogues" />
    </UnitTest>
    <UnitTest name="Crossweave.Tests.ApplicationTests.AuthoredDefenseBoundariesMatchOldResolver(name: &quot;D55-D58-hit-0&quot;)" storage="d:\a\crossweave\crossweave\apps\crossweave-godot\tests\bin\debug\net10.0\crossweave.tests.dll" id="794eea4b-fdfb-d1be-dd2b-f9038a388d5f">
      <Execution id="eaffbcc3-1b5e-46b9-b90c-e91d1bb6b097" />
      <TestMethod codeBase="D:\a\crossweave\crossweave\apps\crossweave-godot\Tests\bin\Debug\net10.0\Crossweave.Tests.dll" adapterTypeName="executor://xunit/VsTestRunner3/netcore/" className="Crossweave.Tests.ApplicationTests" name="AuthoredDefenseBoundariesMatchOldResolver" />
    </UnitTest>
  </TestDefinitions>
  <TestEntries>
    <TestEntry testId="f1d2cd33-a3c1-7f22-859a-68539fbbfc50" executionId="885f1fb6-a0ca-45c6-876e-1a3ab620aa95" testListId="8c84fa94-04c1-424b-9868-57a2d4851a1d" />
    <TestEntry testId="7cbd33c4-7748-91dc-d971-a41cef10b986" executionId="9b886a16-811e-4e03-b6d0-8ce63f52cb1d" testListId="8c84fa94-04c1-424b-9868-57a2d4851a1d" />
    <TestEntry testId="b9238ce4-30a7-f71b-34f4-364fd3c85761" executionId="908cea35-bc59-4c9f-986e-3eab15fb67b0" testListId="8c84fa94-04c1-424b-9868-57a2d4851a1d" />
    <TestEntry testId="89699fd4-7a5b-0732-b838-4f9b9ff9286e" executionId="20bcdce7-0227-4b87-bd43-dee79683428a" testListId="8c84fa94-04c1-424b-9868-57a2d4851a1d" />
    <TestEntry testId="794eea4b-fdfb-d1be-dd2b-f9038a388d5f" executionId="eaffbcc3-1b5e-46b9-b90c-e91d1bb6b097" testListId="8c84fa94-04c1-424b-9868-57a2d4851a1d" />
    <TestEntry testId="35db61fb-532b-a2ac-38e6-d3b306587fa0" executionId="fd50536b-a960-4f22-8503-4903266dccd7" testListId="8c84fa94-04c1-424b-9868-57a2d4851a1d" />
    <TestEntry testId="816a303f-f281-4b55-e161-d0498ea9c0e4" executionId="684e0c38-0e6a-4dd3-a240-a8dd79a150bc" testListId="8c84fa94-04c1-424b-9868-57a2d4851a1d" />
    <TestEntry testId="b4259f9e-0fc6-fd4f-5c19-01daa2f93a3a" executionId="a3ceb908-9315-43de-a6a4-abe182a4cdf7" testListId="8c84fa94-04c1-424b-9868-57a2d4851a1d" />
    <TestEntry testId="105aa2cf-9e1c-ae3f-1982-626c853864ad" executionId="d2c7b241-33d4-4608-b8fa-4beb40b2ddd8" testListId="8c84fa94-04c1-424b-9868-57a2d4851a1d" />
    <TestEntry testId="f51940fb-7c74-2807-ba95-e0c6808ad5ea" executionId="043d2118-98a3-46ce-b9a8-ebfa4454126a" testListId="8c84fa94-04c1-424b-9868-57a2d4851a1d" />
    <TestEntry testId="3e5a9559-98d5-5c0b-fd7c-22684ba66c92" executionId="f8a7dbef-620c-4af0-b873-18da7db77078" testListId="8c84fa94-04c1-424b-9868-57a2d4851a1d" />
    <TestEntry testId="76c68f36-a6a5-98e9-a309-3d2d0e0cc225" executionId="118519bf-a68a-470a-a795-a7b5d89ba390" testListId="8c84fa94-04c1-424b-9868-57a2d4851a1d" />
    <TestEntry testId="eaf4defa-65e3-897f-e153-a2fc351ab682" executionId="013475fd-5cd6-454b-8cd4-4f8fa6d5e9d1" testListId="8c84fa94-04c1-424b-9868-57a2d4851a1d" />
    <TestEntry testId="bbaae67f-081b-5a86-baba-39166ce8828d" executionId="5bb92082-2b57-4698-a750-42fecee814b5" testListId="8c84fa94-04c1-424b-9868-57a2d4851a1d" />
    <TestEntry testId="4008ecd1-91b7-45ce-e015-b451345ee462" executionId="960ba814-4357-4568-8a61-92b2e5a3c362" testListId="8c84fa94-04c1-424b-9868-57a2d4851a1d" />
    <TestEntry testId="849c935f-1fba-6e2e-3813-4bc45cbae860" executionId="fed89127-c1f5-49eb-b871-4c035cc99f19" testListId="8c84fa94-04c1-424b-9868-57a2d4851a1d" />
    <TestEntry testId="44d169d3-a851-06fc-93c6-7c74d28057b3" executionId="73b29f03-f876-4434-9fc2-706cabd1cff6" testListId="8c84fa94-04c1-424b-9868-57a2d4851a1d" />
  </TestEntries>
  <TestLists>
    <TestList name="Results Not in a List" id="8c84fa94-04c1-424b-9868-57a2d4851a1d" />
    <TestList name="All Loaded Results" id="19431567-8539-422a-85d7-44ee4e166bda" />
  </TestLists>
  <ResultSummary outcome="Completed">
    <Counters total="17" executed="17" passed="17" failed="0" error="0" timeout="0" aborted="0" inconclusive="0" passedButRunAborted="0" notRunnable="0" notExecuted="0" disconnected="0" warning="0" completed="0" inProgress="0" pending="0" />
    <Output>
      <StdOut>[xUnit.net 00:00:00.00] xUnit.net VSTest Adapter v3.1.5+1b188a7b0a (64-bit .NET 10.0.12)&#xD;
[xUnit.net 00:00:00.15]   Discovering: Crossweave.Tests&#xD;
[xUnit.net 00:00:00.24]   Discovered:  Crossweave.Tests&#xD;
[xUnit.net 00:00:00.30]   Starting:    Crossweave.Tests&#xD;
[xUnit.net 00:00:38.46]   Finished:    Crossweave.Tests&#xD;
</StdOut>
    </Output>
  </ResultSummary>
</TestRun>