<?xml version="1.0" encoding="utf-8"?>
<TestRun id="dc3ad913-e22c-4d71-bdd5-848f0994b8a9" name="eckol@ECKKOLOPC 2026-10-05 07:00:09" runUser="ECKKOLOPC\eckol" xmlns="http://microsoft.com/schemas/VisualStudio/TeamTest/2010">
  <Times creation="2026-10-05T07:00:09.1004288+09:00" queuing="2026-10-05T07:00:09.1004292+09:00" start="2026-10-05T07:00:07.3148650+09:00" finish="2026-10-05T07:00:44.4255014+09:00" />
  <TestSettings name="default" id="04cff824-36c0-4e2e-b63f-a30c6e130593">
    <Deployment runDeploymentRoot="eckol_ECKKOLOPC_2026-10-05_07_00_09" />
  </TestSettings>
  <Results>
    <UnitTestResult executionId="b36ae266-ca70-4d18-8b07-a7fc13cc9840" testId="4008ecd1-91b7-45ce-e015-b451345ee462" testName="Crossweave.Tests.ApplicationTests.RecordedJavaScriptOperationsMatchCombatAndPersistentResults(name: &quot;withdraw-before&quot;)" computerName="ECKKOLOPC" duration="00:00:00.5354190" startTime="2026-10-05T07:00:21.0015799+09:00" endTime="2026-10-05T07:00:21.5356809+09:00" testType="13cdc9d9-ddb5-4fa4-a97d-d965ccfc6d4b" outcome="Passed" testListId="8c84fa94-04c1-424b-9868-57a2d4851a1d" relativeResultsDirectory="b36ae266-ca70-4d18-8b07-a7fc13cc9840" />
    <UnitTestResult executionId="82eeaae5-f379-4cef-aa94-effc429b71e9" testId="105aa2cf-9e1c-ae3f-1982-626c853864ad" testName="Crossweave.Tests.UiPublicProjectionTests.ObservationClassesUseRecordedRunActorAndVersionWithoutPrivateIdentities" computerName="ECKKOLOPC" duration="00:00:00.0529322" startTime="2026-10-05T07:00:07.8694464+09:00" endTime="2026-10-05T07:00:07.9284420+09:00" testType="13cdc9d9-ddb5-4fa4-a97d-d965ccfc6d4b" outcome="Passed" testListId="8c84fa94-04c1-424b-9868-57a2d4851a1d" relativeResultsDirectory="82eeaae5-f379-4cef-aa94-effc429b71e9" />
    <UnitTestResult executionId="c7d0b2a6-352e-485f-9afe-3c66978f95fe" testId="3e5a9559-98d5-5c0b-fd7c-22684ba66c92" testName="Crossweave.Tests.ApplicationTests.AuthoredDefenseBoundariesMatchOldResolver(name: &quot;D58-V0-l&quot;)" computerName="ECKKOLOPC" duration="00:00:00.1412856" startTime="2026-10-05T07:00:08.8897226+09:00" endTime="2026-10-05T07:00:09.0309455+09:00" testType="13cdc9d9-ddb5-4fa4-a97d-d965ccfc6d4b" outcome="Passed" testListId="8c84fa94-04c1-424b-9868-57a2d4851a1d" relativeResultsDirectory="c7d0b2a6-352e-485f-9afe-3c66978f95fe" />
    <UnitTestResult executionId="a3d9417f-0fec-4c0a-8b12-670537d16ca3" testId="76c68f36-a6a5-98e9-a309-3d2d0e0cc225" testName="Crossweave.Tests.UiPublicProjectionTests.OldSnapshotsKeepValuesAndDoNotAcquireCurrentNamesOrCatalogues" computerName="ECKKOLOPC" duration="00:00:00.0048804" startTime="2026-10-05T07:00:07.9385542+09:00" endTime="2026-10-05T07:00:07.9385981+09:00" testType="13cdc9d9-ddb5-4fa4-a97d-d965ccfc6d4b" outcome="Passed" testListId="8c84fa94-04c1-424b-9868-57a2d4851a1d" relativeResultsDirectory="a3d9417f-0fec-4c0a-8b12-670537d16ca3" />
    <UnitTestResult executionId="472cd6a0-1d4e-4f36-8a88-de5efe5ba07d" testId="7cbd33c4-7748-91dc-d971-a41cef10b986" testName="Crossweave.Tests.ApplicationTests.RecordedJavaScriptOperationsMatchCombatAndPersistentResults(name: &quot;withdraw-unprotected&quot;)" computerName="ECKKOLOPC" duration="00:00:00.3108825" startTime="2026-10-05T07:00:27.5104922+09:00" endTime="2026-10-05T07:00:27.8189270+09:00" testType="13cdc9d9-ddb5-4fa4-a97d-d965ccfc6d4b" outcome="Passed" testListId="8c84fa94-04c1-424b-9868-57a2d4851a1d" relativeResultsDirectory="472cd6a0-1d4e-4f36-8a88-de5efe5ba07d" />
    <UnitTestResult executionId="196828a6-9cda-4bdf-ab38-500eadd92d7c" testId="bbaae67f-081b-5a86-baba-39166ce8828d" testName="Crossweave.Tests.ApplicationTests.RecordedJavaScriptOperationsMatchCombatAndPersistentResults(name: &quot;defeat&quot;)" computerName="ECKKOLOPC" duration="00:00:05.9723508" startTime="2026-10-05T07:00:21.5359557+09:00" endTime="2026-10-05T07:00:27.5077761+09:00" testType="13cdc9d9-ddb5-4fa4-a97d-d965ccfc6d4b" outcome="Passed" testListId="8c84fa94-04c1-424b-9868-57a2d4851a1d" relativeResultsDirectory="196828a6-9cda-4bdf-ab38-500eadd92d7c" />
    <UnitTestResult executionId="1e812cd5-2c66-45aa-b39b-c547fbfb6154" testId="f1d2cd33-a3c1-7f22-859a-68539fbbfc50" testName="Crossweave.Tests.ApplicationTests.AuthoredDefenseBoundariesMatchOldResolver(name: &quot;D58-V0-h&quot;)" computerName="ECKKOLOPC" duration="00:00:00.1388172" startTime="2026-10-05T07:00:08.7507478+09:00" endTime="2026-10-05T07:00:08.8895457+09:00" testType="13cdc9d9-ddb5-4fa4-a97d-d965ccfc6d4b" outcome="Passed" testListId="8c84fa94-04c1-424b-9868-57a2d4851a1d" relativeResultsDirectory="1e812cd5-2c66-45aa-b39b-c547fbfb6154" />
    <UnitTestResult executionId="0f315356-26f9-448f-a249-a326b5ec469c" testId="f51940fb-7c74-2807-ba95-e0c6808ad5ea" testName="Crossweave.Tests.ApplicationTests.PreviewExpiryDestinationsUseResolvedRecoveryAndPreserveOwner" computerName="ECKKOLOPC" duration="00:00:13.3638121" startTime="2026-10-05T07:00:30.9556410+09:00" endTime="2026-10-05T07:00:44.3193743+09:00" testType="13cdc9d9-ddb5-4fa4-a97d-d965ccfc6d4b" outcome="Passed" testListId="8c84fa94-04c1-424b-9868-57a2d4851a1d" relativeResultsDirectory="0f315356-26f9-448f-a249-a326b5ec469c" />
    <UnitTestResult executionId="8888681f-deba-401b-b766-64bc902b7b18" testId="44d169d3-a851-06fc-93c6-7c74d28057b3" testName="Crossweave.Tests.ApplicationTests.AuthoredDefenseBoundariesMatchOldResolver(name: &quot;D58-V0-weak_B&quot;)" computerName="ECKKOLOPC" duration="00:00:00.1565979" startTime="2026-10-05T07:00:08.4549988+09:00" endTime="2026-10-05T07:00:08.6115173+09:00" testType="13cdc9d9-ddb5-4fa4-a97d-d965ccfc6d4b" outcome="Passed" testListId="8c84fa94-04c1-424b-9868-57a2d4851a1d" relativeResultsDirectory="8888681f-deba-401b-b766-64bc902b7b18" />
    <UnitTestResult executionId="e597f888-cc9f-4b6e-833e-38ec38eb9cb0" testId="eaf4defa-65e3-897f-e153-a2fc351ab682" testName="Crossweave.Tests.UiPublicProjectionTests.ExistingLegalSavesRestoreWithReadonlyKnowledgeAndAffixViews" computerName="ECKKOLOPC" duration="00:00:24.4124940" startTime="2026-10-05T07:00:07.9391081+09:00" endTime="2026-10-05T07:00:32.3459143+09:00" testType="13cdc9d9-ddb5-4fa4-a97d-d965ccfc6d4b" outcome="Passed" testListId="8c84fa94-04c1-424b-9868-57a2d4851a1d" relativeResultsDirectory="e597f888-cc9f-4b6e-833e-38ec38eb9cb0" />
    <UnitTestResult executionId="cb86dc8a-8f69-4c28-8e62-b9ebbeab6d83" testId="b9238ce4-30a7-f71b-34f4-364fd3c85761" testName="Crossweave.Tests.ApplicationTests.RecordedJavaScriptOperationsMatchCombatAndPersistentResults(name: &quot;natural&quot;)" computerName="ECKKOLOPC" duration="00:00:11.9686457" startTime="2026-10-05T07:00:09.0615819+09:00" endTime="2026-10-05T07:00:20.9997754+09:00" testType="13cdc9d9-ddb5-4fa4-a97d-d965ccfc6d4b" outcome="Passed" testListId="8c84fa94-04c1-424b-9868-57a2d4851a1d" relativeResultsDirectory="cb86dc8a-8f69-4c28-8e62-b9ebbeab6d83" />
    <UnitTestResult executionId="b7dbd14b-8a95-48a0-91a1-a8b5af81d388" testId="35db61fb-532b-a2ac-38e6-d3b306587fa0" testName="Crossweave.Tests.ApplicationTests.AuthoredDefenseBoundariesMatchOldResolver(name: &quot;D55-D58-hit-99&quot;)" computerName="ECKKOLOPC" duration="00:00:00.4267405" startTime="2026-10-05T07:00:07.8705561+09:00" endTime="2026-10-05T07:00:08.3003328+09:00" testType="13cdc9d9-ddb5-4fa4-a97d-d965ccfc6d4b" outcome="Passed" testListId="8c84fa94-04c1-424b-9868-57a2d4851a1d" relativeResultsDirectory="b7dbd14b-8a95-48a0-91a1-a8b5af81d388" />
    <UnitTestResult executionId="77744c43-6015-4fa8-b0a1-a2f5bf057e5c" testId="b4259f9e-0fc6-fd4f-5c19-01daa2f93a3a" testName="Crossweave.Tests.ApplicationTests.UiPublicLabelsAndOwnCatalogueDoNotChangeSaveOrRevealNpcCards" computerName="ECKKOLOPC" duration="00:00:00.1473314" startTime="2026-10-05T07:00:30.8078812+09:00" endTime="2026-10-05T07:00:30.9554603+09:00" testType="13cdc9d9-ddb5-4fa4-a97d-d965ccfc6d4b" outcome="Passed" testListId="8c84fa94-04c1-424b-9868-57a2d4851a1d" relativeResultsDirectory="77744c43-6015-4fa8-b0a1-a2f5bf057e5c" />
    <UnitTestResult executionId="a7e09a59-7351-4f9f-b87c-5e2929f07498" testId="816a303f-f281-4b55-e161-d0498ea9c0e4" testName="Crossweave.Tests.ApplicationTests.AuthoredDefenseBoundariesMatchOldResolver(name: &quot;D58-P-l&quot;)" computerName="ECKKOLOPC" duration="00:00:00.1389755" startTime="2026-10-05T07:00:08.6116837+09:00" endTime="2026-10-05T07:00:08.7506044+09:00" testType="13cdc9d9-ddb5-4fa4-a97d-d965ccfc6d4b" outcome="Passed" testListId="8c84fa94-04c1-424b-9868-57a2d4851a1d" relativeResultsDirectory="a7e09a59-7351-4f9f-b87c-5e2929f07498" />
    <UnitTestResult executionId="423035d1-ee43-4fba-bc52-dc930f33e94f" testId="794eea4b-fdfb-d1be-dd2b-f9038a388d5f" testName="Crossweave.Tests.ApplicationTests.AuthoredDefenseBoundariesMatchOldResolver(name: &quot;D55-D58-hit-0&quot;)" computerName="ECKKOLOPC" duration="00:00:00.1544263" startTime="2026-10-05T07:00:08.3005267+09:00" endTime="2026-10-05T07:00:08.4548510+09:00" testType="13cdc9d9-ddb5-4fa4-a97d-d965ccfc6d4b" outcome="Passed" testListId="8c84fa94-04c1-424b-9868-57a2d4851a1d" relativeResultsDirectory="423035d1-ee43-4fba-bc52-dc930f33e94f" />
    <UnitTestResult executionId="07856d8f-d19f-4819-a671-a0ff33372b35" testId="89699fd4-7a5b-0732-b838-4f9b9ff9286e" testName="Crossweave.Tests.ApplicationTests.RecordedJavaScriptOperationsMatchCombatAndPersistentResults(name: &quot;withdraw-protected&quot;)" computerName="ECKKOLOPC" duration="00:00:02.0899625" startTime="2026-10-05T07:00:27.8192194+09:00" endTime="2026-10-05T07:00:29.9090153+09:00" testType="13cdc9d9-ddb5-4fa4-a97d-d965ccfc6d4b" outcome="Passed" testListId="8c84fa94-04c1-424b-9868-57a2d4851a1d" relativeResultsDirectory="07856d8f-d19f-4819-a671-a0ff33372b35" />
    <UnitTestResult executionId="0738aad6-9d18-4bf2-b887-8c2fd5f0dc13" testId="849c935f-1fba-6e2e-3813-4bc45cbae860" testName="Crossweave.Tests.ApplicationTests.RecordedJavaScriptOperationsMatchCombatAndPersistentResults(name: &quot;legal-acquisition&quot;)" computerName="ECKKOLOPC" duration="00:00:00.8985346" startTime="2026-10-05T07:00:29.9092879+09:00" endTime="2026-10-05T07:00:30.8076855+09:00" testType="13cdc9d9-ddb5-4fa4-a97d-d965ccfc6d4b" outcome="Passed" testListId="8c84fa94-04c1-424b-9868-57a2d4851a1d" relativeResultsDirectory="0738aad6-9d18-4bf2-b887-8c2fd5f0dc13" />
  </Results>
  <TestDefinitions>
    <UnitTest name="Crossweave.Tests.ApplicationTests.AuthoredDefenseBoundariesMatchOldResolver(name: &quot;D55-D58-hit-99&quot;)" storage="c:\users\eckol\eckolo dropbox\久乃銑泉\gist\crossweave\apps\crossweave-godot\tests\bin\debug\net10.0\crossweave.tests.dll" id="35db61fb-532b-a2ac-38e6-d3b306587fa0">
      <Execution id="b7dbd14b-8a95-48a0-91a1-a8b5af81d388" />
      <TestMethod codeBase="C:\Users\eckol\eckolo Dropbox\久乃銑泉\gist\crossweave\apps\crossweave-godot\Tests\bin\Debug\net10.0\Crossweave.Tests.dll" adapterTypeName="executor://xunit/VsTestRunner3/netcore/" className="Crossweave.Tests.ApplicationTests" name="AuthoredDefenseBoundariesMatchOldResolver" />
    </UnitTest>
    <UnitTest name="Crossweave.Tests.ApplicationTests.AuthoredDefenseBoundariesMatchOldResolver(name: &quot;D58-P-l&quot;)" storage="c:\users\eckol\eckolo dropbox\久乃銑泉\gist\crossweave\apps\crossweave-godot\tests\bin\debug\net10.0\crossweave.tests.dll" id="816a303f-f281-4b55-e161-d0498ea9c0e4">
      <Execution id="a7e09a59-7351-4f9f-b87c-5e2929f07498" />
      <TestMethod codeBase="C:\Users\eckol\eckolo Dropbox\久乃銑泉\gist\crossweave\apps\crossweave-godot\Tests\bin\Debug\net10.0\Crossweave.Tests.dll" adapterTypeName="executor://xunit/VsTestRunner3/netcore/" className="Crossweave.Tests.ApplicationTests" name="AuthoredDefenseBoundariesMatchOldResolver" />
    </UnitTest>
    <UnitTest name="Crossweave.Tests.ApplicationTests.RecordedJavaScriptOperationsMatchCombatAndPersistentResults(name: &quot;defeat&quot;)" storage="c:\users\eckol\eckolo dropbox\久乃銑泉\gist\crossweave\apps\crossweave-godot\tests\bin\debug\net10.0\crossweave.tests.dll" id="bbaae67f-081b-5a86-baba-39166ce8828d">
      <Execution id="196828a6-9cda-4bdf-ab38-500eadd92d7c" />
      <TestMethod codeBase="C:\Users\eckol\eckolo Dropbox\久乃銑泉\gist\crossweave\apps\crossweave-godot\Tests\bin\Debug\net10.0\Crossweave.Tests.dll" adapterTypeName="executor://xunit/VsTestRunner3/netcore/" className="Crossweave.Tests.ApplicationTests" name="RecordedJavaScriptOperationsMatchCombatAndPersistentResults" />
    </UnitTest>
    <UnitTest name="Crossweave.Tests.ApplicationTests.AuthoredDefenseBoundariesMatchOldResolver(name: &quot;D58-V0-h&quot;)" storage="c:\users\eckol\eckolo dropbox\久乃銑泉\gist\crossweave\apps\crossweave-godot\tests\bin\debug\net10.0\crossweave.tests.dll" id="f1d2cd33-a3c1-7f22-859a-68539fbbfc50">
      <Execution id="1e812cd5-2c66-45aa-b39b-c547fbfb6154" />
      <TestMethod codeBase="C:\Users\eckol\eckolo Dropbox\久乃銑泉\gist\crossweave\apps\crossweave-godot\Tests\bin\Debug\net10.0\Crossweave.Tests.dll" adapterTypeName="executor://xunit/VsTestRunner3/netcore/" className="Crossweave.Tests.ApplicationTests" name="AuthoredDefenseBoundariesMatchOldResolver" />
    </UnitTest>
    <UnitTest name="Crossweave.Tests.ApplicationTests.RecordedJavaScriptOperationsMatchCombatAndPersistentResults(name: &quot;withdraw-unprotected&quot;)" storage="c:\users\eckol\eckolo dropbox\久乃銑泉\gist\crossweave\apps\crossweave-godot\tests\bin\debug\net10.0\crossweave.tests.dll" id="7cbd33c4-7748-91dc-d971-a41cef10b986">
      <Execution id="472cd6a0-1d4e-4f36-8a88-de5efe5ba07d" />
      <TestMethod codeBase="C:\Users\eckol\eckolo Dropbox\久乃銑泉\gist\crossweave\apps\crossweave-godot\Tests\bin\Debug\net10.0\Crossweave.Tests.dll" adapterTypeName="executor://xunit/VsTestRunner3/netcore/" className="Crossweave.Tests.ApplicationTests" name="RecordedJavaScriptOperationsMatchCombatAndPersistentResults" />
    </UnitTest>
    <UnitTest name="Crossweave.Tests.UiPublicProjectionTests.ExistingLegalSavesRestoreWithReadonlyKnowledgeAndAffixViews" storage="c:\users\eckol\eckolo dropbox\久乃銑泉\gist\crossweave\apps\crossweave-godot\tests\bin\debug\net10.0\crossweave.tests.dll" id="eaf4defa-65e3-897f-e153-a2fc351ab682">
      <Execution id="e597f888-cc9f-4b6e-833e-38ec38eb9cb0" />
      <TestMethod codeBase="C:\Users\eckol\eckolo Dropbox\久乃銑泉\gist\crossweave\apps\crossweave-godot\Tests\bin\Debug\net10.0\Crossweave.Tests.dll" adapterTypeName="executor://xunit/VsTestRunner3/netcore/" className="Crossweave.Tests.UiPublicProjectionTests" name="ExistingLegalSavesRestoreWithReadonlyKnowledgeAndAffixViews" />
    </UnitTest>
    <UnitTest name="Crossweave.Tests.ApplicationTests.RecordedJavaScriptOperationsMatchCombatAndPersistentResults(name: &quot;withdraw-protected&quot;)" storage="c:\users\eckol\eckolo dropbox\久乃銑泉\gist\crossweave\apps\crossweave-godot\tests\bin\debug\net10.0\crossweave.tests.dll" id="89699fd4-7a5b-0732-b838-4f9b9ff9286e">
      <Execution id="07856d8f-d19f-4819-a671-a0ff33372b35" />
      <TestMethod codeBase="C:\Users\eckol\eckolo Dropbox\久乃銑泉\gist\crossweave\apps\crossweave-godot\Tests\bin\Debug\net10.0\Crossweave.Tests.dll" adapterTypeName="executor://xunit/VsTestRunner3/netcore/" className="Crossweave.Tests.ApplicationTests" name="RecordedJavaScriptOperationsMatchCombatAndPersistentResults" />
    </UnitTest>
    <UnitTest name="Crossweave.Tests.ApplicationTests.RecordedJavaScriptOperationsMatchCombatAndPersistentResults(name: &quot;withdraw-before&quot;)" storage="c:\users\eckol\eckolo dropbox\久乃銑泉\gist\crossweave\apps\crossweave-godot\tests\bin\debug\net10.0\crossweave.tests.dll" id="4008ecd1-91b7-45ce-e015-b451345ee462">
      <Execution id="b36ae266-ca70-4d18-8b07-a7fc13cc9840" />
      <TestMethod codeBase="C:\Users\eckol\eckolo Dropbox\久乃銑泉\gist\crossweave\apps\crossweave-godot\Tests\bin\Debug\net10.0\Crossweave.Tests.dll" adapterTypeName="executor://xunit/VsTestRunner3/netcore/" className="Crossweave.Tests.ApplicationTests" name="RecordedJavaScriptOperationsMatchCombatAndPersistentResults" />
    </UnitTest>
    <UnitTest name="Crossweave.Tests.ApplicationTests.PreviewExpiryDestinationsUseResolvedRecoveryAndPreserveOwner" storage="c:\users\eckol\eckolo dropbox\久乃銑泉\gist\crossweave\apps\crossweave-godot\tests\bin\debug\net10.0\crossweave.tests.dll" id="f51940fb-7c74-2807-ba95-e0c6808ad5ea">
      <Execution id="0f315356-26f9-448f-a249-a326b5ec469c" />
      <TestMethod codeBase="C:\Users\eckol\eckolo Dropbox\久乃銑泉\gist\crossweave\apps\crossweave-godot\Tests\bin\Debug\net10.0\Crossweave.Tests.dll" adapterTypeName="executor://xunit/VsTestRunner3/netcore/" className="Crossweave.Tests.ApplicationTests" name="PreviewExpiryDestinationsUseResolvedRecoveryAndPreserveOwner" />
    </UnitTest>
    <UnitTest name="Crossweave.Tests.ApplicationTests.RecordedJavaScriptOperationsMatchCombatAndPersistentResults(name: &quot;natural&quot;)" storage="c:\users\eckol\eckolo dropbox\久乃銑泉\gist\crossweave\apps\crossweave-godot\tests\bin\debug\net10.0\crossweave.tests.dll" id="b9238ce4-30a7-f71b-34f4-364fd3c85761">
      <Execution id="cb86dc8a-8f69-4c28-8e62-b9ebbeab6d83" />
      <TestMethod codeBase="C:\Users\eckol\eckolo Dropbox\久乃銑泉\gist\crossweave\apps\crossweave-godot\Tests\bin\Debug\net10.0\Crossweave.Tests.dll" adapterTypeName="executor://xunit/VsTestRunner3/netcore/" className="Crossweave.Tests.ApplicationTests" name="RecordedJavaScriptOperationsMatchCombatAndPersistentResults" />
    </UnitTest>
    <UnitTest name="Crossweave.Tests.UiPublicProjectionTests.ObservationClassesUseRecordedRunActorAndVersionWithoutPrivateIdentities" storage="c:\users\eckol\eckolo dropbox\久乃銑泉\gist\crossweave\apps\crossweave-godot\tests\bin\debug\net10.0\crossweave.tests.dll" id="105aa2cf-9e1c-ae3f-1982-626c853864ad">
      <Execution id="82eeaae5-f379-4cef-aa94-effc429b71e9" />
      <TestMethod codeBase="C:\Users\eckol\eckolo Dropbox\久乃銑泉\gist\crossweave\apps\crossweave-godot\Tests\bin\Debug\net10.0\Crossweave.Tests.dll" adapterTypeName="executor://xunit/VsTestRunner3/netcore/" className="Crossweave.Tests.UiPublicProjectionTests" name="ObservationClassesUseRecordedRunActorAndVersionWithoutPrivateIdentities" />
    </UnitTest>
    <UnitTest name="Crossweave.Tests.ApplicationTests.RecordedJavaScriptOperationsMatchCombatAndPersistentResults(name: &quot;legal-acquisition&quot;)" storage="c:\users\eckol\eckolo dropbox\久乃銑泉\gist\crossweave\apps\crossweave-godot\tests\bin\debug\net10.0\crossweave.tests.dll" id="849c935f-1fba-6e2e-3813-4bc45cbae860">
      <Execution id="0738aad6-9d18-4bf2-b887-8c2fd5f0dc13" />
      <TestMethod codeBase="C:\Users\eckol\eckolo Dropbox\久乃銑泉\gist\crossweave\apps\crossweave-godot\Tests\bin\Debug\net10.0\Crossweave.Tests.dll" adapterTypeName="executor://xunit/VsTestRunner3/netcore/" className="Crossweave.Tests.ApplicationTests" name="RecordedJavaScriptOperationsMatchCombatAndPersistentResults" />
    </UnitTest>
    <UnitTest name="Crossweave.Tests.ApplicationTests.AuthoredDefenseBoundariesMatchOldResolver(name: &quot;D58-V0-weak_B&quot;)" storage="c:\users\eckol\eckolo dropbox\久乃銑泉\gist\crossweave\apps\crossweave-godot\tests\bin\debug\net10.0\crossweave.tests.dll" id="44d169d3-a851-06fc-93c6-7c74d28057b3">
      <Execution id="8888681f-deba-401b-b766-64bc902b7b18" />
      <TestMethod codeBase="C:\Users\eckol\eckolo Dropbox\久乃銑泉\gist\crossweave\apps\crossweave-godot\Tests\bin\Debug\net10.0\Crossweave.Tests.dll" adapterTypeName="executor://xunit/VsTestRunner3/netcore/" className="Crossweave.Tests.ApplicationTests" name="AuthoredDefenseBoundariesMatchOldResolver" />
    </UnitTest>
    <UnitTest name="Crossweave.Tests.ApplicationTests.AuthoredDefenseBoundariesMatchOldResolver(name: &quot;D58-V0-l&quot;)" storage="c:\users\eckol\eckolo dropbox\久乃銑泉\gist\crossweave\apps\crossweave-godot\tests\bin\debug\net10.0\crossweave.tests.dll" id="3e5a9559-98d5-5c0b-fd7c-22684ba66c92">
      <Execution id="c7d0b2a6-352e-485f-9afe-3c66978f95fe" />
      <TestMethod codeBase="C:\Users\eckol\eckolo Dropbox\久乃銑泉\gist\crossweave\apps\crossweave-godot\Tests\bin\Debug\net10.0\Crossweave.Tests.dll" adapterTypeName="executor://xunit/VsTestRunner3/netcore/" className="Crossweave.Tests.ApplicationTests" name="AuthoredDefenseBoundariesMatchOldResolver" />
    </UnitTest>
    <UnitTest name="Crossweave.Tests.ApplicationTests.UiPublicLabelsAndOwnCatalogueDoNotChangeSaveOrRevealNpcCards" storage="c:\users\eckol\eckolo dropbox\久乃銑泉\gist\crossweave\apps\crossweave-godot\tests\bin\debug\net10.0\crossweave.tests.dll" id="b4259f9e-0fc6-fd4f-5c19-01daa2f93a3a">
      <Execution id="77744c43-6015-4fa8-b0a1-a2f5bf057e5c" />
      <TestMethod codeBase="C:\Users\eckol\eckolo Dropbox\久乃銑泉\gist\crossweave\apps\crossweave-godot\Tests\bin\Debug\net10.0\Crossweave.Tests.dll" adapterTypeName="executor://xunit/VsTestRunner3/netcore/" className="Crossweave.Tests.ApplicationTests" name="UiPublicLabelsAndOwnCatalogueDoNotChangeSaveOrRevealNpcCards" />
    </UnitTest>
    <UnitTest name="Crossweave.Tests.UiPublicProjectionTests.OldSnapshotsKeepValuesAndDoNotAcquireCurrentNamesOrCatalogues" storage="c:\users\eckol\eckolo dropbox\久乃銑泉\gist\crossweave\apps\crossweave-godot\tests\bin\debug\net10.0\crossweave.tests.dll" id="76c68f36-a6a5-98e9-a309-3d2d0e0cc225">
      <Execution id="a3d9417f-0fec-4c0a-8b12-670537d16ca3" />
      <TestMethod codeBase="C:\Users\eckol\eckolo Dropbox\久乃銑泉\gist\crossweave\apps\crossweave-godot\Tests\bin\Debug\net10.0\Crossweave.Tests.dll" adapterTypeName="executor://xunit/VsTestRunner3/netcore/" className="Crossweave.Tests.UiPublicProjectionTests" name="OldSnapshotsKeepValuesAndDoNotAcquireCurrentNamesOrCatalogues" />
    </UnitTest>
    <UnitTest name="Crossweave.Tests.ApplicationTests.AuthoredDefenseBoundariesMatchOldResolver(name: &quot;D55-D58-hit-0&quot;)" storage="c:\users\eckol\eckolo dropbox\久乃銑泉\gist\crossweave\apps\crossweave-godot\tests\bin\debug\net10.0\crossweave.tests.dll" id="794eea4b-fdfb-d1be-dd2b-f9038a388d5f">
      <Execution id="423035d1-ee43-4fba-bc52-dc930f33e94f" />
      <TestMethod codeBase="C:\Users\eckol\eckolo Dropbox\久乃銑泉\gist\crossweave\apps\crossweave-godot\Tests\bin\Debug\net10.0\Crossweave.Tests.dll" adapterTypeName="executor://xunit/VsTestRunner3/netcore/" className="Crossweave.Tests.ApplicationTests" name="AuthoredDefenseBoundariesMatchOldResolver" />
    </UnitTest>
  </TestDefinitions>
  <TestEntries>
    <TestEntry testId="4008ecd1-91b7-45ce-e015-b451345ee462" executionId="b36ae266-ca70-4d18-8b07-a7fc13cc9840" testListId="8c84fa94-04c1-424b-9868-57a2d4851a1d" />
    <TestEntry testId="105aa2cf-9e1c-ae3f-1982-626c853864ad" executionId="82eeaae5-f379-4cef-aa94-effc429b71e9" testListId="8c84fa94-04c1-424b-9868-57a2d4851a1d" />
    <TestEntry testId="3e5a9559-98d5-5c0b-fd7c-22684ba66c92" executionId="c7d0b2a6-352e-485f-9afe-3c66978f95fe" testListId="8c84fa94-04c1-424b-9868-57a2d4851a1d" />
    <TestEntry testId="76c68f36-a6a5-98e9-a309-3d2d0e0cc225" executionId="a3d9417f-0fec-4c0a-8b12-670537d16ca3" testListId="8c84fa94-04c1-424b-9868-57a2d4851a1d" />
    <TestEntry testId="7cbd33c4-7748-91dc-d971-a41cef10b986" executionId="472cd6a0-1d4e-4f36-8a88-de5efe5ba07d" testListId="8c84fa94-04c1-424b-9868-57a2d4851a1d" />
    <TestEntry testId="bbaae67f-081b-5a86-baba-39166ce8828d" executionId="196828a6-9cda-4bdf-ab38-500eadd92d7c" testListId="8c84fa94-04c1-424b-9868-57a2d4851a1d" />
    <TestEntry testId="f1d2cd33-a3c1-7f22-859a-68539fbbfc50" executionId="1e812cd5-2c66-45aa-b39b-c547fbfb6154" testListId="8c84fa94-04c1-424b-9868-57a2d4851a1d" />
    <TestEntry testId="f51940fb-7c74-2807-ba95-e0c6808ad5ea" executionId="0f315356-26f9-448f-a249-a326b5ec469c" testListId="8c84fa94-04c1-424b-9868-57a2d4851a1d" />
    <TestEntry testId="44d169d3-a851-06fc-93c6-7c74d28057b3" executionId="8888681f-deba-401b-b766-64bc902b7b18" testListId="8c84fa94-04c1-424b-9868-57a2d4851a1d" />
    <TestEntry testId="eaf4defa-65e3-897f-e153-a2fc351ab682" executionId="e597f888-cc9f-4b6e-833e-38ec38eb9cb0" testListId="8c84fa94-04c1-424b-9868-57a2d4851a1d" />
    <TestEntry testId="b9238ce4-30a7-f71b-34f4-364fd3c85761" executionId="cb86dc8a-8f69-4c28-8e62-b9ebbeab6d83" testListId="8c84fa94-04c1-424b-9868-57a2d4851a1d" />
    <TestEntry testId="35db61fb-532b-a2ac-38e6-d3b306587fa0" executionId="b7dbd14b-8a95-48a0-91a1-a8b5af81d388" testListId="8c84fa94-04c1-424b-9868-57a2d4851a1d" />
    <TestEntry testId="b4259f9e-0fc6-fd4f-5c19-01daa2f93a3a" executionId="77744c43-6015-4fa8-b0a1-a2f5bf057e5c" testListId="8c84fa94-04c1-424b-9868-57a2d4851a1d" />
    <TestEntry testId="816a303f-f281-4b55-e161-d0498ea9c0e4" executionId="a7e09a59-7351-4f9f-b87c-5e2929f07498" testListId="8c84fa94-04c1-424b-9868-57a2d4851a1d" />
    <TestEntry testId="794eea4b-fdfb-d1be-dd2b-f9038a388d5f" executionId="423035d1-ee43-4fba-bc52-dc930f33e94f" testListId="8c84fa94-04c1-424b-9868-57a2d4851a1d" />
    <TestEntry testId="89699fd4-7a5b-0732-b838-4f9b9ff9286e" executionId="07856d8f-d19f-4819-a671-a0ff33372b35" testListId="8c84fa94-04c1-424b-9868-57a2d4851a1d" />
    <TestEntry testId="849c935f-1fba-6e2e-3813-4bc45cbae860" executionId="0738aad6-9d18-4bf2-b887-8c2fd5f0dc13" testListId="8c84fa94-04c1-424b-9868-57a2d4851a1d" />
  </TestEntries>
  <TestLists>
    <TestList name="一覧に存在しない結果" id="8c84fa94-04c1-424b-9868-57a2d4851a1d" />
    <TestList name="読み込まれたすべての結果" id="19431567-8539-422a-85d7-44ee4e166bda" />
  </TestLists>
  <ResultSummary outcome="Completed">
    <Counters total="17" executed="17" passed="17" failed="0" error="0" timeout="0" aborted="0" inconclusive="0" passedButRunAborted="0" notRunnable="0" notExecuted="0" disconnected="0" warning="0" completed="0" inProgress="0" pending="0" />
    <Output>
      <StdOut>[xUnit.net 00:00:00.00] xUnit.net VSTest Adapter v3.1.5+1b188a7b0a (64-bit .NET 10.0.12)&#xD;
[xUnit.net 00:00:00.07]   Discovering: Crossweave.Tests&#xD;
[xUnit.net 00:00:00.11]   Discovered:  Crossweave.Tests&#xD;
[xUnit.net 00:00:00.14]   Starting:    Crossweave.Tests&#xD;
[xUnit.net 00:00:36.61]   Finished:    Crossweave.Tests&#xD;
</StdOut>
    </Output>
  </ResultSummary>
</TestRun>