Godot Engine v4.7.2.stable.mono.official.ed1daf0bf - https://godotengine.org

[   0% ] [90m[1mfirst_scan_filesystem[22m | Started Project initialization (5 steps)[39m[0m
[   0% ] [90m[1mfirst_scan_filesystem[22m | Scanning file structure...[39m[0m
[  16% ] [90m[1mfirst_scan_filesystem[22m | Loading global class names...[39m[0m
[  33% ] [90m[1mfirst_scan_filesystem[22m | Verifying GDExtensions...[39m[0m
[  50% ] [90m[1mfirst_scan_filesystem[22m | Creating autoload scripts...[39m[0m
[  66% ] [90m[1mfirst_scan_filesystem[22m | Initializing plugins...[39m[0m
[  83% ] [90m[1mfirst_scan_filesystem[22m | Starting file scan...[39m[0m
[92m[ DONE ][39m [1mfirst_scan_filesystem[22m
[0m
[   0% ] [90m[1mdotnet_publish_project[22m | Started Publishing .NET project... (1 steps)[39m[0m
[   0% ] [90m[1mdotnet_publish_project[22m | Running dotnet publish[39m[0m
[92m[ DONE ][39m [1mdotnet_publish_project[22m
[0m
[   0% ] [90m[1msavepack[22m | Started Packing (102 steps)[39m[0m
[   1% ] [90m[1msavepack[22m | Storing File: res://.godot/imported/NotoSansJP.ttf-32ee73aeb427b68c25bdf65a9a00e6c3.fontdata[39m[0m
[   1% ] [90m[1msavepack[22m | Storing File: res://Assets/NotoSansJP.ttf.import[39m[0m
[  17% ] [90m[1msavepack[22m | Storing File: res://Assets/source.json[39m[0m
[  33% ] [90m[1msavepack[22m | Storing File: res://.godot/exported/133200997/export-bcb0d2eb5949c52b6a65bfe9de3e985b-Main.scn[39m[0m
[  50% ] [90m[1msavepack[22m | Storing File: res://packages.lock.json[39m[0m
[  66% ] [90m[1msavepack[22m | Storing File: res://ProofView.cs[39m[0m
[  82% ] [90m[1msavepack[22m | Storing File: res://Assets/OFL.txt[39m[0m
[  82% ] [90m[1msavepack[22m | Storing File: res://Main.tscn.remap[39m[0m
[  82% ] [90m[1msavepack[22m | Storing File: res://.godot/global_script_class_cache.cfg[39m[0m
[  82% ] [90m[1msavepack[22m | Storing File: res://.godot/uid_cache.bin[39m[0m
[  82% ] [90m[1msavepack[22m | Storing File: res://project.binary[39m[0m
[92m[ DONE ][39m [1msavepack[22m
[0m
