<?xml version="1.0" encoding="utf-8"?>
<TestRun id="0cb238bb-cf33-43ee-bec2-855921f20c63" name="eckol@ECKKOLOPC 2026-10-02 20:28:00" runUser="ECKKOLOPC\eckol" xmlns="http://microsoft.com/schemas/VisualStudio/TeamTest/2010">
  <Times creation="2026-10-02T20:28:00.1236551+09:00" queuing="2026-10-02T20:28:00.1236558+09:00" start="2026-10-02T20:27:55.7824745+09:00" finish="2026-10-02T20:28:28.1470188+09:00" />
  <TestSettings name="default" id="d6ee9e09-b3a5-4b55-b24f-14f40c45571d">
    <Deployment runDeploymentRoot="eckol_ECKKOLOPC_2026-10-02_20_28_00" />
  </TestSettings>
  <Results>
    <UnitTestResult executionId="77664655-319b-4894-975e-0753d0be4305" testId="b4259f9e-0fc6-fd4f-5c19-01daa2f93a3a" testName="Crossweave.Tests.ApplicationTests.UiPublicLabelsAndOwnCatalogueDoNotChangeSaveOrRevealNpcCards" computerName="ECKKOLOPC" duration="00:00:00.3190621" startTime="2026-10-02T20:28:02.3336310+09:00" endTime="2026-10-02T20:28:02.6524196+09:00" testType="13cdc9d9-ddb5-4fa4-a97d-d965ccfc6d4b" outcome="Passed" testListId="8c84fa94-04c1-424b-9868-57a2d4851a1d" relativeResultsDirectory="77664655-319b-4894-975e-0753d0be4305" />
    <UnitTestResult executionId="32fa75ac-866d-4a4c-bf78-e546367c09b1" testId="59536e5e-55a2-a593-f0e2-e688d553d7ce" testName="Crossweave.Tests.ApplicationTests.VersionedDtoRoundTripPreservesNextResult(phase: &quot;return&quot;)" computerName="ECKKOLOPC" duration="00:00:01.1038031" startTime="2026-10-02T20:28:03.1672682+09:00" endTime="2026-10-02T20:28:04.2704363+09:00" testType="13cdc9d9-ddb5-4fa4-a97d-d965ccfc6d4b" outcome="Passed" testListId="8c84fa94-04c1-424b-9868-57a2d4851a1d" relativeResultsDirectory="32fa75ac-866d-4a4c-bf78-e546367c09b1" />
    <UnitTestResult executionId="709dc306-4de0-42b7-96e5-8fb664e342d4" testId="35db61fb-532b-a2ac-38e6-d3b306587fa0" testName="Crossweave.Tests.ApplicationTests.AuthoredDefenseBoundariesMatchOldResolver(name: &quot;D55-D58-hit-99&quot;)" computerName="ECKKOLOPC" duration="00:00:00.9340350" startTime="2026-10-02T20:27:57.7615693+09:00" endTime="2026-10-02T20:27:58.7044132+09:00" testType="13cdc9d9-ddb5-4fa4-a97d-d965ccfc6d4b" outcome="Passed" testListId="8c84fa94-04c1-424b-9868-57a2d4851a1d" relativeResultsDirectory="709dc306-4de0-42b7-96e5-8fb664e342d4" />
    <UnitTestResult executionId="4d3403f7-dcac-458a-8251-cb72e743dabf" testId="794eea4b-fdfb-d1be-dd2b-f9038a388d5f" testName="Crossweave.Tests.ApplicationTests.AuthoredDefenseBoundariesMatchOldResolver(name: &quot;D55-D58-hit-0&quot;)" computerName="ECKKOLOPC" duration="00:00:00.6635718" startTime="2026-10-02T20:27:58.7172686+09:00" endTime="2026-10-02T20:27:59.3684909+09:00" testType="13cdc9d9-ddb5-4fa4-a97d-d965ccfc6d4b" outcome="Passed" testListId="8c84fa94-04c1-424b-9868-57a2d4851a1d" relativeResultsDirectory="4d3403f7-dcac-458a-8251-cb72e743dabf" />
    <UnitTestResult executionId="9d6d1881-7d4b-44b3-ae37-1b69da689518" testId="b227e920-30e4-eca2-9c09-8e09f8fcf613" testName="Crossweave.Tests.ApplicationTests.VersionedDtoRoundTripPreservesNextResult(phase: &quot;exploring&quot;)" computerName="ECKKOLOPC" duration="00:00:01.0795764" startTime="2026-10-02T20:28:04.2708500+09:00" endTime="2026-10-02T20:28:05.3500839+09:00" testType="13cdc9d9-ddb5-4fa4-a97d-d965ccfc6d4b" outcome="Passed" testListId="8c84fa94-04c1-424b-9868-57a2d4851a1d" relativeResultsDirectory="9d6d1881-7d4b-44b3-ae37-1b69da689518" />
    <UnitTestResult executionId="27c0bccd-61da-405a-b988-d8e0ecdf1ec8" testId="f51940fb-7c74-2807-ba95-e0c6808ad5ea" testName="Crossweave.Tests.ApplicationTests.PreviewExpiryDestinationsUseResolvedRecoveryAndPreserveOwner" computerName="ECKKOLOPC" duration="00:00:21.6055271" startTime="2026-10-02T20:28:06.4216995+09:00" endTime="2026-10-02T20:28:28.0270444+09:00" testType="13cdc9d9-ddb5-4fa4-a97d-d965ccfc6d4b" outcome="Passed" testListId="8c84fa94-04c1-424b-9868-57a2d4851a1d" relativeResultsDirectory="27c0bccd-61da-405a-b988-d8e0ecdf1ec8" />
    <UnitTestResult executionId="71dfaf44-1834-4d00-a81e-7d6cf8bfee32" testId="44d169d3-a851-06fc-93c6-7c74d28057b3" testName="Crossweave.Tests.ApplicationTests.AuthoredDefenseBoundariesMatchOldResolver(name: &quot;D58-V0-weak_B&quot;)" computerName="ECKKOLOPC" duration="00:00:00.5438942" startTime="2026-10-02T20:27:59.3701347+09:00" endTime="2026-10-02T20:27:59.9120688+09:00" testType="13cdc9d9-ddb5-4fa4-a97d-d965ccfc6d4b" outcome="Passed" testListId="8c84fa94-04c1-424b-9868-57a2d4851a1d" relativeResultsDirectory="71dfaf44-1834-4d00-a81e-7d6cf8bfee32" />
    <UnitTestResult executionId="f35a6c0c-b5d0-4c9d-a908-9f7aa1a44352" testId="b3158165-2e5a-c659-0703-97ca5fb60d00" testName="Crossweave.Tests.ApplicationTests.VersionedDtoRoundTripPreservesNextResult(phase: &quot;home&quot;)" computerName="ECKKOLOPC" duration="00:00:00.3589261" startTime="2026-10-02T20:28:05.3504307+09:00" endTime="2026-10-02T20:28:05.7096905+09:00" testType="13cdc9d9-ddb5-4fa4-a97d-d965ccfc6d4b" outcome="Passed" testListId="8c84fa94-04c1-424b-9868-57a2d4851a1d" relativeResultsDirectory="f35a6c0c-b5d0-4c9d-a908-9f7aa1a44352" />
    <UnitTestResult executionId="ecc56180-72c2-4494-94a8-f1b1a3d245dd" testId="40380201-126a-dca2-08e1-ac1ebfe08a07" testName="Crossweave.Tests.ApplicationTests.PreviewCancelAndCompositionDoNotSpendOrCreateUnits" computerName="ECKKOLOPC" duration="00:00:00.5608687" startTime="2026-10-02T20:28:01.7726476+09:00" endTime="2026-10-02T20:28:02.3332284+09:00" testType="13cdc9d9-ddb5-4fa4-a97d-d965ccfc6d4b" outcome="Passed" testListId="8c84fa94-04c1-424b-9868-57a2d4851a1d" relativeResultsDirectory="ecc56180-72c2-4494-94a8-f1b1a3d245dd" />
    <UnitTestResult executionId="b79d0fa0-66e8-43c7-880c-7315519482d2" testId="816a303f-f281-4b55-e161-d0498ea9c0e4" testName="Crossweave.Tests.ApplicationTests.AuthoredDefenseBoundariesMatchOldResolver(name: &quot;D58-P-l&quot;)" computerName="ECKKOLOPC" duration="00:00:00.4378778" startTime="2026-10-02T20:27:59.9124511+09:00" endTime="2026-10-02T20:28:00.3500866+09:00" testType="13cdc9d9-ddb5-4fa4-a97d-d965ccfc6d4b" outcome="Passed" testListId="8c84fa94-04c1-424b-9868-57a2d4851a1d" relativeResultsDirectory="b79d0fa0-66e8-43c7-880c-7315519482d2" />
    <UnitTestResult executionId="0a6e8754-9f9f-4e7e-b2a9-28a4f0b90204" testId="6184c185-afbd-d1fe-de82-fa23af99df49" testName="Crossweave.Tests.ApplicationTests.ActionPredictionDoesNotDrawOrChangeState" computerName="ECKKOLOPC" duration="00:00:00.5570940" startTime="2026-10-02T20:28:01.2168894+09:00" endTime="2026-10-02T20:28:01.7721403+09:00" testType="13cdc9d9-ddb5-4fa4-a97d-d965ccfc6d4b" outcome="Passed" testListId="8c84fa94-04c1-424b-9868-57a2d4851a1d" relativeResultsDirectory="0a6e8754-9f9f-4e7e-b2a9-28a4f0b90204" />
    <UnitTestResult executionId="6fba0646-ae16-4a96-a248-07a9e7bfd6be" testId="3eeb13dd-c883-8dda-854e-a1fc801798bf" testName="Crossweave.Tests.ApplicationTests.ReturnResendAndTextReadsCannotSettleTwice" computerName="ECKKOLOPC" duration="00:00:00.5137618" startTime="2026-10-02T20:28:02.6528089+09:00" endTime="2026-10-02T20:28:03.1668452+09:00" testType="13cdc9d9-ddb5-4fa4-a97d-d965ccfc6d4b" outcome="Passed" testListId="8c84fa94-04c1-424b-9868-57a2d4851a1d" relativeResultsDirectory="6fba0646-ae16-4a96-a248-07a9e7bfd6be" />
    <UnitTestResult executionId="0ba91757-8400-430c-8dc0-bebe03784005" testId="65c2f45b-cfe0-7b99-e96a-a9e618d94fa6" testName="Crossweave.Tests.ApplicationTests.OneOfferLimitAndIndividualAndBaseCapsAreAtomic" computerName="ECKKOLOPC" duration="00:00:00.7114657" startTime="2026-10-02T20:28:05.7100110+09:00" endTime="2026-10-02T20:28:06.4213812+09:00" testType="13cdc9d9-ddb5-4fa4-a97d-d965ccfc6d4b" outcome="Passed" testListId="8c84fa94-04c1-424b-9868-57a2d4851a1d" relativeResultsDirectory="0ba91757-8400-430c-8dc0-bebe03784005" />
    <UnitTestResult executionId="e96448a6-2cb7-4612-b183-e6c0903f15e6" testId="3e5a9559-98d5-5c0b-fd7c-22684ba66c92" testName="Crossweave.Tests.ApplicationTests.AuthoredDefenseBoundariesMatchOldResolver(name: &quot;D58-V0-l&quot;)" computerName="ECKKOLOPC" duration="00:00:00.3994002" startTime="2026-10-02T20:28:00.8149051+09:00" endTime="2026-10-02T20:28:01.2141400+09:00" testType="13cdc9d9-ddb5-4fa4-a97d-d965ccfc6d4b" outcome="Passed" testListId="8c84fa94-04c1-424b-9868-57a2d4851a1d" relativeResultsDirectory="e96448a6-2cb7-4612-b183-e6c0903f15e6" />
    <UnitTestResult executionId="7acd6f37-e322-4e96-9e84-b3ffcd75cee1" testId="f1d2cd33-a3c1-7f22-859a-68539fbbfc50" testName="Crossweave.Tests.ApplicationTests.AuthoredDefenseBoundariesMatchOldResolver(name: &quot;D58-V0-h&quot;)" computerName="ECKKOLOPC" duration="00:00:00.4642045" startTime="2026-10-02T20:28:00.3504628+09:00" endTime="2026-10-02T20:28:00.8144780+09:00" testType="13cdc9d9-ddb5-4fa4-a97d-d965ccfc6d4b" outcome="Passed" testListId="8c84fa94-04c1-424b-9868-57a2d4851a1d" relativeResultsDirectory="7acd6f37-e322-4e96-9e84-b3ffcd75cee1" />
  </Results>
  <TestDefinitions>
    <UnitTest name="Crossweave.Tests.ApplicationTests.AuthoredDefenseBoundariesMatchOldResolver(name: &quot;D55-D58-hit-99&quot;)" storage="c:\users\eckol\eckolo dropbox\久乃銑泉\gist\crossweave\apps\crossweave-godot\tests\bin\debug\net10.0\crossweave.tests.dll" id="35db61fb-532b-a2ac-38e6-d3b306587fa0">
      <Execution id="709dc306-4de0-42b7-96e5-8fb664e342d4" />
      <TestMethod codeBase="C:\Users\eckol\eckolo Dropbox\久乃銑泉\gist\crossweave\apps\crossweave-godot\Tests\bin\Debug\net10.0\Crossweave.Tests.dll" adapterTypeName="executor://xunit/VsTestRunner3/netcore/" className="Crossweave.Tests.ApplicationTests" name="AuthoredDefenseBoundariesMatchOldResolver" />
    </UnitTest>
    <UnitTest name="Crossweave.Tests.ApplicationTests.AuthoredDefenseBoundariesMatchOldResolver(name: &quot;D58-P-l&quot;)" storage="c:\users\eckol\eckolo dropbox\久乃銑泉\gist\crossweave\apps\crossweave-godot\tests\bin\debug\net10.0\crossweave.tests.dll" id="816a303f-f281-4b55-e161-d0498ea9c0e4">
      <Execution id="b79d0fa0-66e8-43c7-880c-7315519482d2" />
      <TestMethod codeBase="C:\Users\eckol\eckolo Dropbox\久乃銑泉\gist\crossweave\apps\crossweave-godot\Tests\bin\Debug\net10.0\Crossweave.Tests.dll" adapterTypeName="executor://xunit/VsTestRunner3/netcore/" className="Crossweave.Tests.ApplicationTests" name="AuthoredDefenseBoundariesMatchOldResolver" />
    </UnitTest>
    <UnitTest name="Crossweave.Tests.ApplicationTests.PreviewCancelAndCompositionDoNotSpendOrCreateUnits" storage="c:\users\eckol\eckolo dropbox\久乃銑泉\gist\crossweave\apps\crossweave-godot\tests\bin\debug\net10.0\crossweave.tests.dll" id="40380201-126a-dca2-08e1-ac1ebfe08a07">
      <Execution id="ecc56180-72c2-4494-94a8-f1b1a3d245dd" />
      <TestMethod codeBase="C:\Users\eckol\eckolo Dropbox\久乃銑泉\gist\crossweave\apps\crossweave-godot\Tests\bin\Debug\net10.0\Crossweave.Tests.dll" adapterTypeName="executor://xunit/VsTestRunner3/netcore/" className="Crossweave.Tests.ApplicationTests" name="PreviewCancelAndCompositionDoNotSpendOrCreateUnits" />
    </UnitTest>
    <UnitTest name="Crossweave.Tests.ApplicationTests.AuthoredDefenseBoundariesMatchOldResolver(name: &quot;D58-V0-h&quot;)" storage="c:\users\eckol\eckolo dropbox\久乃銑泉\gist\crossweave\apps\crossweave-godot\tests\bin\debug\net10.0\crossweave.tests.dll" id="f1d2cd33-a3c1-7f22-859a-68539fbbfc50">
      <Execution id="7acd6f37-e322-4e96-9e84-b3ffcd75cee1" />
      <TestMethod codeBase="C:\Users\eckol\eckolo Dropbox\久乃銑泉\gist\crossweave\apps\crossweave-godot\Tests\bin\Debug\net10.0\Crossweave.Tests.dll" adapterTypeName="executor://xunit/VsTestRunner3/netcore/" className="Crossweave.Tests.ApplicationTests" name="AuthoredDefenseBoundariesMatchOldResolver" />
    </UnitTest>
    <UnitTest name="Crossweave.Tests.ApplicationTests.OneOfferLimitAndIndividualAndBaseCapsAreAtomic" storage="c:\users\eckol\eckolo dropbox\久乃銑泉\gist\crossweave\apps\crossweave-godot\tests\bin\debug\net10.0\crossweave.tests.dll" id="65c2f45b-cfe0-7b99-e96a-a9e618d94fa6">
      <Execution id="0ba91757-8400-430c-8dc0-bebe03784005" />
      <TestMethod codeBase="C:\Users\eckol\eckolo Dropbox\久乃銑泉\gist\crossweave\apps\crossweave-godot\Tests\bin\Debug\net10.0\Crossweave.Tests.dll" adapterTypeName="executor://xunit/VsTestRunner3/netcore/" className="Crossweave.Tests.ApplicationTests" name="OneOfferLimitAndIndividualAndBaseCapsAreAtomic" />
    </UnitTest>
    <UnitTest name="Crossweave.Tests.ApplicationTests.VersionedDtoRoundTripPreservesNextResult(phase: &quot;home&quot;)" storage="c:\users\eckol\eckolo dropbox\久乃銑泉\gist\crossweave\apps\crossweave-godot\tests\bin\debug\net10.0\crossweave.tests.dll" id="b3158165-2e5a-c659-0703-97ca5fb60d00">
      <Execution id="f35a6c0c-b5d0-4c9d-a908-9f7aa1a44352" />
      <TestMethod codeBase="C:\Users\eckol\eckolo Dropbox\久乃銑泉\gist\crossweave\apps\crossweave-godot\Tests\bin\Debug\net10.0\Crossweave.Tests.dll" adapterTypeName="executor://xunit/VsTestRunner3/netcore/" className="Crossweave.Tests.ApplicationTests" name="VersionedDtoRoundTripPreservesNextResult" />
    </UnitTest>
    <UnitTest name="Crossweave.Tests.ApplicationTests.ActionPredictionDoesNotDrawOrChangeState" storage="c:\users\eckol\eckolo dropbox\久乃銑泉\gist\crossweave\apps\crossweave-godot\tests\bin\debug\net10.0\crossweave.tests.dll" id="6184c185-afbd-d1fe-de82-fa23af99df49">
      <Execution id="0a6e8754-9f9f-4e7e-b2a9-28a4f0b90204" />
      <TestMethod codeBase="C:\Users\eckol\eckolo Dropbox\久乃銑泉\gist\crossweave\apps\crossweave-godot\Tests\bin\Debug\net10.0\Crossweave.Tests.dll" adapterTypeName="executor://xunit/VsTestRunner3/netcore/" className="Crossweave.Tests.ApplicationTests" name="ActionPredictionDoesNotDrawOrChangeState" />
    </UnitTest>
    <UnitTest name="Crossweave.Tests.ApplicationTests.VersionedDtoRoundTripPreservesNextResult(phase: &quot;return&quot;)" storage="c:\users\eckol\eckolo dropbox\久乃銑泉\gist\crossweave\apps\crossweave-godot\tests\bin\debug\net10.0\crossweave.tests.dll" id="59536e5e-55a2-a593-f0e2-e688d553d7ce">
      <Execution id="32fa75ac-866d-4a4c-bf78-e546367c09b1" />
      <TestMethod codeBase="C:\Users\eckol\eckolo Dropbox\久乃銑泉\gist\crossweave\apps\crossweave-godot\Tests\bin\Debug\net10.0\Crossweave.Tests.dll" adapterTypeName="executor://xunit/VsTestRunner3/netcore/" className="Crossweave.Tests.ApplicationTests" name="VersionedDtoRoundTripPreservesNextResult" />
    </UnitTest>
    <UnitTest name="Crossweave.Tests.ApplicationTests.PreviewExpiryDestinationsUseResolvedRecoveryAndPreserveOwner" storage="c:\users\eckol\eckolo dropbox\久乃銑泉\gist\crossweave\apps\crossweave-godot\tests\bin\debug\net10.0\crossweave.tests.dll" id="f51940fb-7c74-2807-ba95-e0c6808ad5ea">
      <Execution id="27c0bccd-61da-405a-b988-d8e0ecdf1ec8" />
      <TestMethod codeBase="C:\Users\eckol\eckolo Dropbox\久乃銑泉\gist\crossweave\apps\crossweave-godot\Tests\bin\Debug\net10.0\Crossweave.Tests.dll" adapterTypeName="executor://xunit/VsTestRunner3/netcore/" className="Crossweave.Tests.ApplicationTests" name="PreviewExpiryDestinationsUseResolvedRecoveryAndPreserveOwner" />
    </UnitTest>
    <UnitTest name="Crossweave.Tests.ApplicationTests.VersionedDtoRoundTripPreservesNextResult(phase: &quot;exploring&quot;)" storage="c:\users\eckol\eckolo dropbox\久乃銑泉\gist\crossweave\apps\crossweave-godot\tests\bin\debug\net10.0\crossweave.tests.dll" id="b227e920-30e4-eca2-9c09-8e09f8fcf613">
      <Execution id="9d6d1881-7d4b-44b3-ae37-1b69da689518" />
      <TestMethod codeBase="C:\Users\eckol\eckolo Dropbox\久乃銑泉\gist\crossweave\apps\crossweave-godot\Tests\bin\Debug\net10.0\Crossweave.Tests.dll" adapterTypeName="executor://xunit/VsTestRunner3/netcore/" className="Crossweave.Tests.ApplicationTests" name="VersionedDtoRoundTripPreservesNextResult" />
    </UnitTest>
    <UnitTest name="Crossweave.Tests.ApplicationTests.ReturnResendAndTextReadsCannotSettleTwice" storage="c:\users\eckol\eckolo dropbox\久乃銑泉\gist\crossweave\apps\crossweave-godot\tests\bin\debug\net10.0\crossweave.tests.dll" id="3eeb13dd-c883-8dda-854e-a1fc801798bf">
      <Execution id="6fba0646-ae16-4a96-a248-07a9e7bfd6be" />
      <TestMethod codeBase="C:\Users\eckol\eckolo Dropbox\久乃銑泉\gist\crossweave\apps\crossweave-godot\Tests\bin\Debug\net10.0\Crossweave.Tests.dll" adapterTypeName="executor://xunit/VsTestRunner3/netcore/" className="Crossweave.Tests.ApplicationTests" name="ReturnResendAndTextReadsCannotSettleTwice" />
    </UnitTest>
    <UnitTest name="Crossweave.Tests.ApplicationTests.AuthoredDefenseBoundariesMatchOldResolver(name: &quot;D58-V0-weak_B&quot;)" storage="c:\users\eckol\eckolo dropbox\久乃銑泉\gist\crossweave\apps\crossweave-godot\tests\bin\debug\net10.0\crossweave.tests.dll" id="44d169d3-a851-06fc-93c6-7c74d28057b3">
      <Execution id="71dfaf44-1834-4d00-a81e-7d6cf8bfee32" />
      <TestMethod codeBase="C:\Users\eckol\eckolo Dropbox\久乃銑泉\gist\crossweave\apps\crossweave-godot\Tests\bin\Debug\net10.0\Crossweave.Tests.dll" adapterTypeName="executor://xunit/VsTestRunner3/netcore/" className="Crossweave.Tests.ApplicationTests" name="AuthoredDefenseBoundariesMatchOldResolver" />
    </UnitTest>
    <UnitTest name="Crossweave.Tests.ApplicationTests.AuthoredDefenseBoundariesMatchOldResolver(name: &quot;D58-V0-l&quot;)" storage="c:\users\eckol\eckolo dropbox\久乃銑泉\gist\crossweave\apps\crossweave-godot\tests\bin\debug\net10.0\crossweave.tests.dll" id="3e5a9559-98d5-5c0b-fd7c-22684ba66c92">
      <Execution id="e96448a6-2cb7-4612-b183-e6c0903f15e6" />
      <TestMethod codeBase="C:\Users\eckol\eckolo Dropbox\久乃銑泉\gist\crossweave\apps\crossweave-godot\Tests\bin\Debug\net10.0\Crossweave.Tests.dll" adapterTypeName="executor://xunit/VsTestRunner3/netcore/" className="Crossweave.Tests.ApplicationTests" name="AuthoredDefenseBoundariesMatchOldResolver" />
    </UnitTest>
    <UnitTest name="Crossweave.Tests.ApplicationTests.UiPublicLabelsAndOwnCatalogueDoNotChangeSaveOrRevealNpcCards" storage="c:\users\eckol\eckolo dropbox\久乃銑泉\gist\crossweave\apps\crossweave-godot\tests\bin\debug\net10.0\crossweave.tests.dll" id="b4259f9e-0fc6-fd4f-5c19-01daa2f93a3a">
      <Execution id="77664655-319b-4894-975e-0753d0be4305" />
      <TestMethod codeBase="C:\Users\eckol\eckolo Dropbox\久乃銑泉\gist\crossweave\apps\crossweave-godot\Tests\bin\Debug\net10.0\Crossweave.Tests.dll" adapterTypeName="executor://xunit/VsTestRunner3/netcore/" className="Crossweave.Tests.ApplicationTests" name="UiPublicLabelsAndOwnCatalogueDoNotChangeSaveOrRevealNpcCards" />
    </UnitTest>
    <UnitTest name="Crossweave.Tests.ApplicationTests.AuthoredDefenseBoundariesMatchOldResolver(name: &quot;D55-D58-hit-0&quot;)" storage="c:\users\eckol\eckolo dropbox\久乃銑泉\gist\crossweave\apps\crossweave-godot\tests\bin\debug\net10.0\crossweave.tests.dll" id="794eea4b-fdfb-d1be-dd2b-f9038a388d5f">
      <Execution id="4d3403f7-dcac-458a-8251-cb72e743dabf" />
      <TestMethod codeBase="C:\Users\eckol\eckolo Dropbox\久乃銑泉\gist\crossweave\apps\crossweave-godot\Tests\bin\Debug\net10.0\Crossweave.Tests.dll" adapterTypeName="executor://xunit/VsTestRunner3/netcore/" className="Crossweave.Tests.ApplicationTests" name="AuthoredDefenseBoundariesMatchOldResolver" />
    </UnitTest>
  </TestDefinitions>
  <TestEntries>
    <TestEntry testId="b4259f9e-0fc6-fd4f-5c19-01daa2f93a3a" executionId="77664655-319b-4894-975e-0753d0be4305" testListId="8c84fa94-04c1-424b-9868-57a2d4851a1d" />
    <TestEntry testId="59536e5e-55a2-a593-f0e2-e688d553d7ce" executionId="32fa75ac-866d-4a4c-bf78-e546367c09b1" testListId="8c84fa94-04c1-424b-9868-57a2d4851a1d" />
    <TestEntry testId="35db61fb-532b-a2ac-38e6-d3b306587fa0" executionId="709dc306-4de0-42b7-96e5-8fb664e342d4" testListId="8c84fa94-04c1-424b-9868-57a2d4851a1d" />
    <TestEntry testId="794eea4b-fdfb-d1be-dd2b-f9038a388d5f" executionId="4d3403f7-dcac-458a-8251-cb72e743dabf" testListId="8c84fa94-04c1-424b-9868-57a2d4851a1d" />
    <TestEntry testId="b227e920-30e4-eca2-9c09-8e09f8fcf613" executionId="9d6d1881-7d4b-44b3-ae37-1b69da689518" testListId="8c84fa94-04c1-424b-9868-57a2d4851a1d" />
    <TestEntry testId="f51940fb-7c74-2807-ba95-e0c6808ad5ea" executionId="27c0bccd-61da-405a-b988-d8e0ecdf1ec8" testListId="8c84fa94-04c1-424b-9868-57a2d4851a1d" />
    <TestEntry testId="44d169d3-a851-06fc-93c6-7c74d28057b3" executionId="71dfaf44-1834-4d00-a81e-7d6cf8bfee32" testListId="8c84fa94-04c1-424b-9868-57a2d4851a1d" />
    <TestEntry testId="b3158165-2e5a-c659-0703-97ca5fb60d00" executionId="f35a6c0c-b5d0-4c9d-a908-9f7aa1a44352" testListId="8c84fa94-04c1-424b-9868-57a2d4851a1d" />
    <TestEntry testId="40380201-126a-dca2-08e1-ac1ebfe08a07" executionId="ecc56180-72c2-4494-94a8-f1b1a3d245dd" testListId="8c84fa94-04c1-424b-9868-57a2d4851a1d" />
    <TestEntry testId="816a303f-f281-4b55-e161-d0498ea9c0e4" executionId="b79d0fa0-66e8-43c7-880c-7315519482d2" testListId="8c84fa94-04c1-424b-9868-57a2d4851a1d" />
    <TestEntry testId="6184c185-afbd-d1fe-de82-fa23af99df49" executionId="0a6e8754-9f9f-4e7e-b2a9-28a4f0b90204" testListId="8c84fa94-04c1-424b-9868-57a2d4851a1d" />
    <TestEntry testId="3eeb13dd-c883-8dda-854e-a1fc801798bf" executionId="6fba0646-ae16-4a96-a248-07a9e7bfd6be" testListId="8c84fa94-04c1-424b-9868-57a2d4851a1d" />
    <TestEntry testId="65c2f45b-cfe0-7b99-e96a-a9e618d94fa6" executionId="0ba91757-8400-430c-8dc0-bebe03784005" testListId="8c84fa94-04c1-424b-9868-57a2d4851a1d" />
    <TestEntry testId="3e5a9559-98d5-5c0b-fd7c-22684ba66c92" executionId="e96448a6-2cb7-4612-b183-e6c0903f15e6" testListId="8c84fa94-04c1-424b-9868-57a2d4851a1d" />
    <TestEntry testId="f1d2cd33-a3c1-7f22-859a-68539fbbfc50" executionId="7acd6f37-e322-4e96-9e84-b3ffcd75cee1" testListId="8c84fa94-04c1-424b-9868-57a2d4851a1d" />
  </TestEntries>
  <TestLists>
    <TestList name="一覧に存在しない結果" id="8c84fa94-04c1-424b-9868-57a2d4851a1d" />
    <TestList name="読み込まれたすべての結果" id="19431567-8539-422a-85d7-44ee4e166bda" />
  </TestLists>
  <ResultSummary outcome="Completed">
    <Counters total="15" executed="15" passed="15" failed="0" error="0" timeout="0" aborted="0" inconclusive="0" passedButRunAborted="0" notRunnable="0" notExecuted="0" disconnected="0" warning="0" completed="0" inProgress="0" pending="0" />
    <Output>
      <StdOut>[xUnit.net 00:00:00.00] xUnit.net VSTest Adapter v3.1.5+1b188a7b0a (64-bit .NET 10.0.12)&#xD;
[xUnit.net 00:00:00.48]   Discovering: Crossweave.Tests&#xD;
[xUnit.net 00:00:00.56]   Discovered:  Crossweave.Tests&#xD;
[xUnit.net 00:00:00.60]   Starting:    Crossweave.Tests&#xD;
[xUnit.net 00:00:30.91]   Finished:    Crossweave.Tests&#xD;
</StdOut>
    </Output>
  </ResultSummary>
</TestRun>