Godot Engine v4.7.2.stable.mono.official.ed1daf0bf - https://godotengine.org
OpenGL API 3.3.0 NVIDIA 573.01 - Compatibility - Using Device: NVIDIA - NVIDIA GeForce RTX 5050 Laptop GPU

UI PRESS open busy=False
UI PRESS story-detail busy=False
UI PRESS modal-close busy=False
UI PRESS prepare busy=False
UI PRESS detail-close busy=False
UI PRESS tab-passive busy=False
UI PRESS detail-stage busy=False
UI PRESS detail-close busy=False
UI PRESS review busy=False
UI PRESS modal-close busy=False
UI PRESS discard busy=False
UI PRESS tab-card busy=False
UI PRESS 外す-owned-1 busy=False
UI PRESS 外す-owned-2 busy=False
UI PRESS 外す-owned-3 busy=False
UI PRESS 外す-owned-5 busy=False
UI PRESS 外す-owned-7 busy=False
UI PRESS 外す-owned-8 busy=False
UI PRESS 外す-owned-11 busy=False
UI PRESS 外す-owned-12 busy=False
UI PRESS 外す-owned-13 busy=False
UI PRESS 外す-owned-15 busy=False
UI PRESS 外す-owned-17 busy=False
UI PRESS 外す-owned-19 busy=False
UI PRESS discard busy=False
UI PRESS menu busy=False
UI PRESS exit busy=False
